motorDriverInterface.c:28:13:MDI_writeCommand	16	static
motorDriverInterface.c:37:13:MDI_writeSmallData	16	static
motorDriverInterface.c:47:13:MDI_writeBigData	32	static
motorDriverInterface.c:62:6:MDI_2byteWriteData	24	static
motorDriverInterface.c:73:6:MDI_writeSmallDataWithRegister	16	static
motorDriverInterface.c:85:6:MDI_writeBigDataWithRegister	24	static
motorDriverInterface.c:99:6:MDI_readSmallDataWithRegister	24	static
motorDriverInterface.c:197:6:MDI_sendDataChannel1	32	static
motorDriverInterface.c:229:6:MDI_sendDataChannel1Ver2	48	static
motorDriverInterface.c:259:6:MDI_getDataChannel1	16	static
motorDriverInterface.c:286:6:MDI_getDataChannel1Ver2	16	static
motorDriverInterface.c:309:6:MDI_getDataChannel1Ver3	24	static
motorDriverInterface.c:354:6:MDI_getDataChannel1Ver4	32	static
motorDriverInterface.c:383:6:MDI_enableGetDataChannel1	8	static
motorDriverInterface.c:392:6:MDI_getDataChannel1_IT	32	static
motorDriverInterface.c:434:6:MDI_sendDataChannel2	32	static
motorDriverInterface.c:465:6:MDI_sendDataChannel2Ver2	48	static
motorDriverInterface.c:495:6:MDI_getDataChannel2	16	static
motorDriverInterface.c:522:6:MDI_getDataChannel2Ver2	16	static
motorDriverInterface.c:544:6:MDI_getDataChannel2Ver3	24	static
motorDriverInterface.c:588:6:MDI_getDataChannel2Ver4	32	static
motorDriverInterface.c:618:6:MDI_enableGetDataChannel2	8	static
motorDriverInterface.c:626:6:MDI_getDataChannel2_IT	32	static
motorDriverInterface.c:672:9:getDriver1kd	4	static
motorDriverInterface.c:675:9:getDriver1ki	4	static
motorDriverInterface.c:678:9:getDriver1kp	4	static
motorDriverInterface.c:681:9:getDriver1factor	4	static
motorDriverInterface.c:684:10:getDriver1angle	4	static
motorDriverInterface.c:688:9:getDriver2kd	4	static
motorDriverInterface.c:691:9:getDriver2ki	4	static
motorDriverInterface.c:694:9:getDriver2kp	4	static
motorDriverInterface.c:697:9:getDriver2factor	4	static
motorDriverInterface.c:700:10:getDriver2angle	4	static
motorDriverInterface.c:704:14:getDriver1ReceiveVal	16	static
motorDriverInterface.c:707:15:getDriver2ReceiveVal	16	static
