Archive member included to satisfy reference by file (symbol)

c:/st/stm32cubeide_1.6.0/stm32cubeide/plugins/com.st.stm32cube.ide.mcu.externaltools.gnu-tools-for-stm32.9-2020-q2-update.win32_1.5.0.202011040924/tools/bin/../lib/gcc/arm-none-eabi/9.3.1/../../../../arm-none-eabi/lib/thumb/v7-m/nofp\libc_nano.a(lib_a-errno.o)
                              Core/Src/syscalls.o (__errno)
c:/st/stm32cubeide_1.6.0/stm32cubeide/plugins/com.st.stm32cube.ide.mcu.externaltools.gnu-tools-for-stm32.9-2020-q2-update.win32_1.5.0.202011040924/tools/bin/../lib/gcc/arm-none-eabi/9.3.1/../../../../arm-none-eabi/lib/thumb/v7-m/nofp\libc_nano.a(lib_a-exit.o)
                              c:/st/stm32cubeide_1.6.0/stm32cubeide/plugins/com.st.stm32cube.ide.mcu.externaltools.gnu-tools-for-stm32.9-2020-q2-update.win32_1.5.0.202011040924/tools/bin/../lib/gcc/arm-none-eabi/9.3.1/../../../../arm-none-eabi/lib/thumb/v7-m/nofp/crt0.o (exit)
c:/st/stm32cubeide_1.6.0/stm32cubeide/plugins/com.st.stm32cube.ide.mcu.externaltools.gnu-tools-for-stm32.9-2020-q2-update.win32_1.5.0.202011040924/tools/bin/../lib/gcc/arm-none-eabi/9.3.1/../../../../arm-none-eabi/lib/thumb/v7-m/nofp\libc_nano.a(lib_a-impure.o)
                              c:/st/stm32cubeide_1.6.0/stm32cubeide/plugins/com.st.stm32cube.ide.mcu.externaltools.gnu-tools-for-stm32.9-2020-q2-update.win32_1.5.0.202011040924/tools/bin/../lib/gcc/arm-none-eabi/9.3.1/../../../../arm-none-eabi/lib/thumb/v7-m/nofp\libc_nano.a(lib_a-exit.o) (_global_impure_ptr)
c:/st/stm32cubeide_1.6.0/stm32cubeide/plugins/com.st.stm32cube.ide.mcu.externaltools.gnu-tools-for-stm32.9-2020-q2-update.win32_1.5.0.202011040924/tools/bin/../lib/gcc/arm-none-eabi/9.3.1/../../../../arm-none-eabi/lib/thumb/v7-m/nofp\libc_nano.a(lib_a-init.o)
                              c:/st/stm32cubeide_1.6.0/stm32cubeide/plugins/com.st.stm32cube.ide.mcu.externaltools.gnu-tools-for-stm32.9-2020-q2-update.win32_1.5.0.202011040924/tools/bin/../lib/gcc/arm-none-eabi/9.3.1/../../../../arm-none-eabi/lib/thumb/v7-m/nofp/crt0.o (__libc_init_array)
c:/st/stm32cubeide_1.6.0/stm32cubeide/plugins/com.st.stm32cube.ide.mcu.externaltools.gnu-tools-for-stm32.9-2020-q2-update.win32_1.5.0.202011040924/tools/bin/../lib/gcc/arm-none-eabi/9.3.1/../../../../arm-none-eabi/lib/thumb/v7-m/nofp\libc_nano.a(lib_a-memcpy-stub.o)
                              Middlewares/Third_Party/FreeRTOS/Source/CMSIS_RTOS_V2/cmsis_os2.o (memcpy)
c:/st/stm32cubeide_1.6.0/stm32cubeide/plugins/com.st.stm32cube.ide.mcu.externaltools.gnu-tools-for-stm32.9-2020-q2-update.win32_1.5.0.202011040924/tools/bin/../lib/gcc/arm-none-eabi/9.3.1/../../../../arm-none-eabi/lib/thumb/v7-m/nofp\libc_nano.a(lib_a-memset.o)
                              c:/st/stm32cubeide_1.6.0/stm32cubeide/plugins/com.st.stm32cube.ide.mcu.externaltools.gnu-tools-for-stm32.9-2020-q2-update.win32_1.5.0.202011040924/tools/bin/../lib/gcc/arm-none-eabi/9.3.1/../../../../arm-none-eabi/lib/thumb/v7-m/nofp/crt0.o (memset)
c:/st/stm32cubeide_1.6.0/stm32cubeide/plugins/com.st.stm32cube.ide.mcu.externaltools.gnu-tools-for-stm32.9-2020-q2-update.win32_1.5.0.202011040924/tools/bin/../lib/gcc/arm-none-eabi/9.3.1/thumb/v7-m/nofp\libgcc.a(_arm_muldf3.o)
                              taskManagerInterface/taskManagerInterface.o (__aeabi_dmul)
c:/st/stm32cubeide_1.6.0/stm32cubeide/plugins/com.st.stm32cube.ide.mcu.externaltools.gnu-tools-for-stm32.9-2020-q2-update.win32_1.5.0.202011040924/tools/bin/../lib/gcc/arm-none-eabi/9.3.1/thumb/v7-m/nofp\libgcc.a(_arm_mulsf3.o)
                              taskManagerInterface/taskManagerInterface.o (__aeabi_fmul)
c:/st/stm32cubeide_1.6.0/stm32cubeide/plugins/com.st.stm32cube.ide.mcu.externaltools.gnu-tools-for-stm32.9-2020-q2-update.win32_1.5.0.202011040924/tools/bin/../lib/gcc/arm-none-eabi/9.3.1/thumb/v7-m/nofp\libgcc.a(_arm_addsubdf3.o)
                              ComputerInterface/ComputerInterface.o (__aeabi_dadd)
c:/st/stm32cubeide_1.6.0/stm32cubeide/plugins/com.st.stm32cube.ide.mcu.externaltools.gnu-tools-for-stm32.9-2020-q2-update.win32_1.5.0.202011040924/tools/bin/../lib/gcc/arm-none-eabi/9.3.1/thumb/v7-m/nofp\libgcc.a(_arm_fixdfsi.o)
                              ComputerInterface/ComputerInterface.o (__aeabi_d2iz)
c:/st/stm32cubeide_1.6.0/stm32cubeide/plugins/com.st.stm32cube.ide.mcu.externaltools.gnu-tools-for-stm32.9-2020-q2-update.win32_1.5.0.202011040924/tools/bin/../lib/gcc/arm-none-eabi/9.3.1/thumb/v7-m/nofp\libgcc.a(_arm_fixunsdfsi.o)
                              taskManagerInterface/taskManagerInterface.o (__aeabi_d2uiz)
c:/st/stm32cubeide_1.6.0/stm32cubeide/plugins/com.st.stm32cube.ide.mcu.externaltools.gnu-tools-for-stm32.9-2020-q2-update.win32_1.5.0.202011040924/tools/bin/../lib/gcc/arm-none-eabi/9.3.1/thumb/v7-m/nofp\libgcc.a(_arm_addsubsf3.o)
                              taskManagerInterface/taskManagerInterface.o (__aeabi_fsub)
[...]
Memory Configuration

Name             Origin             Length             Attributes
RAM              0x0000000020000000 0x0000000000005000 xrw
FLASH            0x0000000008000000 0x0000000000010000 xr
*default*        0x0000000000000000 0xffffffffffffffff

Linker script and memory map

LOAD c:/st/stm32cubeide_1.6.0/stm32cubeide/plugins/com.st.stm32cube.ide.mcu.externaltools.gnu-tools-for-stm32.9-2020-q2-update.win32_1.5.0.202011040924/tools/bin/../lib/gcc/arm-none-eabi/9.3.1/thumb/v7-m/nofp/crti.o
LOAD c:/st/stm32cubeide_1.6.0/stm32cubeide/plugins/com.st.stm32cube.ide.mcu.externaltools.gnu-tools-for-stm32.9-2020-q2-update.win32_1.5.0.202011040924/tools/bin/../lib/gcc/arm-none-eabi/9.3.1/thumb/v7-m/nofp/crtbegin.o
LOAD c:/st/stm32cubeide_1.6.0/stm32cubeide/plugins/com.st.stm32cube.ide.mcu.externaltools.gnu-tools-for-stm32.9-2020-q2-update.win32_1.5.0.202011040924/tools/bin/../lib/gcc/arm-none-eabi/9.3.1/../../../../arm-none-eabi/lib/thumb/v7-m/nofp/crt0.o
LOAD ComputerInterface/ComputerInterface.o
LOAD Core/Src/freertos.o
LOAD Core/Src/main.o
LOAD Core/Src/stm32f1xx_hal_msp.o
LOAD Core/Src/stm32f1xx_hal_timebase_tim.o
LOAD Core/Src/stm32f1xx_it.o
LOAD Core/Src/syscalls.o
LOAD Core/Src/sysmem.o
LOAD Core/Src/system_stm32f1xx.o
LOAD Core/Startup/startup_stm32f103c8tx.o
LOAD Drivers/STM32F1xx_HAL_Driver/Src/stm32f1xx_hal.o
LOAD Drivers/STM32F1xx_HAL_Driver/Src/stm32f1xx_hal_cortex.o
LOAD Drivers/STM32F1xx_HAL_Driver/Src/stm32f1xx_hal_dma.o
LOAD Drivers/STM32F1xx_HAL_Driver/Src/stm32f1xx_hal_exti.o
LOAD Drivers/STM32F1xx_HAL_Driver/Src/stm32f1xx_hal_flash.o
LOAD Drivers/STM32F1xx_HAL_Driver/Src/stm32f1xx_hal_flash_ex.o
LOAD Drivers/STM32F1xx_HAL_Driver/Src/stm32f1xx_hal_gpio.o
LOAD Drivers/STM32F1xx_HAL_Driver/Src/stm32f1xx_hal_gpio_ex.o
LOAD Drivers/STM32F1xx_HAL_Driver/Src/stm32f1xx_hal_pwr.o
LOAD Drivers/STM32F1xx_HAL_Driver/Src/stm32f1xx_hal_rcc.o
LOAD Drivers/STM32F1xx_HAL_Driver/Src/stm32f1xx_hal_rcc_ex.o
LOAD Drivers/STM32F1xx_HAL_Driver/Src/stm32f1xx_hal_tim.o
LOAD Drivers/STM32F1xx_HAL_Driver/Src/stm32f1xx_hal_tim_ex.o
LOAD Drivers/STM32F1xx_HAL_Driver/Src/stm32f1xx_hal_uart.o
LOAD InputOutputInterface/InputOutputInterface.o
LOAD Middlewares/Third_Party/FreeRTOS/Source/CMSIS_RTOS_V2/cmsis_os2.o
LOAD Middlewares/Third_Party/FreeRTOS/Source/croutine.o
LOAD Middlewares/Third_Party/FreeRTOS/Source/event_groups.o
LOAD Middlewares/Third_Party/FreeRTOS/Source/list.o
LOAD Middlewares/Third_Party/FreeRTOS/Source/queue.o
LOAD Middlewares/Third_Party/FreeRTOS/Source/stream_buffer.o
LOAD Middlewares/Third_Party/FreeRTOS/Source/tasks.o
LOAD Middlewares/Third_Party/FreeRTOS/Source/timers.o
LOAD Middlewares/Third_Party/FreeRTOS/Source/portable/GCC/ARM_CM3/port.o
LOAD Middlewares/Third_Party/FreeRTOS/Source/portable/MemMang/heap_4.o
LOAD motorDriverInterface/motorDriverInterface.o
LOAD taskManagerInterface/taskManagerInterface.o
START GROUP
LOAD c:/st/stm32cubeide_1.6.0/stm32cubeide/plugins/com.st.stm32cube.ide.mcu.externaltools.gnu-tools-for-stm32.9-2020-q2-update.win32_1.5.0.202011040924/tools/bin/../lib/gcc/arm-none-eabi/9.3.1/../../../../arm-none-eabi/lib/thumb/v7-m/nofp\libc_nano.a
LOAD c:/st/stm32cubeide_1.6.0/stm32cubeide/plugins/com.st.stm32cube.ide.mcu.externaltools.gnu-tools-for-stm32.9-2020-q2-update.win32_1.5.0.202011040924/tools/bin/../lib/gcc/arm-none-eabi/9.3.1/../../../../arm-none-eabi/lib/thumb/v7-m/nofp\libm.a
END GROUP
START GROUP
LOAD c:/st/stm32cubeide_1.6.0/stm32cubeide/plugins/com.st.stm32cube.ide.mcu.externaltools.gnu-tools-for-stm32.9-2020-q2-update.win32_1.5.0.202011040924/tools/bin/../lib/gcc/arm-none-eabi/9.3.1/thumb/v7-m/nofp\libgcc.a
LOAD c:/st/stm32cubeide_1.6.0/stm32cubeide/plugins/com.st.stm32cube.ide.mcu.externaltools.gnu-tools-for-stm32.9-2020-q2-update.win32_1.5.0.202011040924/tools/bin/../lib/gcc/arm-none-eabi/9.3.1/../../../../arm-none-eabi/lib/thumb/v7-m/nofp\libc_nano.a
END GROUP
START GROUP
LOAD c:/st/stm32cubeide_1.6.0/stm32cubeide/plugins/com.st.stm32cube.ide.mcu.externaltools.gnu-tools-for-stm32.9-2020-q2-update.win32_1.5.0.202011040924/tools/bin/../lib/gcc/arm-none-eabi/9.3.1/thumb/v7-m/nofp\libgcc.a
LOAD c:/st/stm32cubeide_1.6.0/stm32cubeide/plugins/com.st.stm32cube.ide.mcu.externaltools.gnu-tools-for-stm32.9-2020-q2-update.win32_1.5.0.202011040924/tools/bin/../lib/gcc/arm-none-eabi/9.3.1/../../../../arm-none-eabi/lib/thumb/v7-m/nofp\libc_nano.a
LOAD c:/st/stm32cubeide_1.6.0/stm32cubeide/plugins/com.st.stm32cube.ide.mcu.externaltools.gnu-tools-for-stm32.9-2020-q2-update.win32_1.5.0.202011040924/tools/bin/../lib/gcc/arm-none-eabi/9.3.1/../../../../arm-none-eabi/lib/thumb/v7-m/nofp\libnosys.a
END GROUP
START GROUP
LOAD c:/st/stm32cubeide_1.6.0/stm32cubeide/plugins/com.st.stm32cube.ide.mcu.externaltools.gnu-tools-for-stm32.9-2020-q2-update.win32_1.5.0.202011040924/tools/bin/../lib/gcc/arm-none-eabi/9.3.1/thumb/v7-m/nofp\libgcc.a
LOAD c:/st/stm32cubeide_1.6.0/stm32cubeide/plugins/com.st.stm32cube.ide.mcu.externaltools.gnu-tools-for-stm32.9-2020-q2-update.win32_1.5.0.202011040924/tools/bin/../lib/gcc/arm-none-eabi/9.3.1/../../../../arm-none-eabi/lib/thumb/v7-m/nofp\libc_nano.a
LOAD c:/st/stm32cubeide_1.6.0/stm32cubeide/plugins/com.st.stm32cube.ide.mcu.externaltools.gnu-tools-for-stm32.9-2020-q2-update.win32_1.5.0.202011040924/tools/bin/../lib/gcc/arm-none-eabi/9.3.1/../../../../arm-none-eabi/lib/thumb/v7-m/nofp\libnosys.a
END GROUP
LOAD c:/st/stm32cubeide_1.6.0/stm32cubeide/plugins/com.st.stm32cube.ide.mcu.externaltools.gnu-tools-for-stm32.9-2020-q2-update.win32_1.5.0.202011040924/tools/bin/../lib/gcc/arm-none-eabi/9.3.1/thumb/v7-m/nofp/crtend.o
LOAD c:/st/stm32cubeide_1.6.0/stm32cubeide/plugins/com.st.stm32cube.ide.mcu.externaltools.gnu-tools-for-stm32.9-2020-q2-update.win32_1.5.0.202011040924/tools/bin/../lib/gcc/arm-none-eabi/9.3.1/thumb/v7-m/nofp/crtn.o
                0x0000000020005000                _estack = (ORIGIN (RAM) + LENGTH (RAM))
                0x0000000000000200                _Min_Heap_Size = 0x200
                0x0000000000000400                _Min_Stack_Size = 0x400

.isr_vector     0x0000000008000000      0x10c
                0x0000000008000000                . = ALIGN (0x4)
 *(.isr_vector)
 .isr_vector    0x0000000008000000      0x10c Core/Startup/startup_stm32f103c8tx.o
                0x0000000008000000                g_pfnVectors
                0x000000000800010c                . = ALIGN (0x4)

.text           0x0000000008000110     0x6bdc
                0x0000000008000110                . = ALIGN (0x4)
 *(.text)
 .text          0x0000000008000110       0x40 c:/st/stm32cubeide_1.6.0/stm32cubeide/plugins/com.st.stm32cube.ide.mcu.externaltools.gnu-tools-for-stm32.9-2020-q2-update.win32_1.5.0.202011040924/tools/bin/../lib/gcc/arm-none-eabi/9.3.1/thumb/v7-m/nofp/crtbegin.o
 .text          0x0000000008000150      0x254 c:/st/stm32cubeide_1.6.0/stm32cubeide/plugins/com.st.stm32cube.ide.mcu.externaltools.gnu-tools-for-stm32.9-2020-q2-update.win32_1.5.0.202011040924/tools/bin/../lib/gcc/arm-none-eabi/9.3.1/thumb/v7-m/nofp\libgcc.a(_arm_muldf3.o)
                0x0000000008000150                __muldf3
                0x0000000008000150                __aeabi_dmul
 .text          0x00000000080003a4      0x378 c:/st/stm32cubeide_1.6.0/stm32cubeide/plugins/com.st.stm32cube.ide.mcu.externaltools.gnu-tools-for-stm32.9-2020-q2-update.win32_1.5.0.202011040924/tools/bin/../lib/gcc/arm-none-eabi/9.3.1/thumb/v7-m/nofp\libgcc.a(_arm_addsubdf3.o)
                0x00000000080003a4                __aeabi_drsub
                0x00000000080003ac                __aeabi_dsub
                0x00000000080003ac                __subdf3
                0x00000000080003b0                __aeabi_dadd
                0x00000000080003b0                __adddf3
                0x0000000008000628                __floatunsidf
                0x0000000008000628                __aeabi_ui2d
                0x0000000008000648                __floatsidf
                0x0000000008000648                __aeabi_i2d
                0x000000000800066c                __aeabi_f2d
                0x000000000800066c                __extendsfdf2
                0x00000000080006b0                __floatundidf
                0x00000000080006b0                __aeabi_ul2d
                0x00000000080006c0                __floatdidf
                0x00000000080006c0                __aeabi_l2d
 .text          0x000000000800071c       0x40 c:/st/stm32cubeide_1.6.0/stm32cubeide/plugins/com.st.stm32cube.ide.mcu.externaltools.gnu-tools-for-stm32.9-2020-q2-update.win32_1.5.0.202011040924/tools/bin/../lib/gcc/arm-none-eabi/9.3.1/thumb/v7-m/nofp\libgcc.a(_arm_fixunsdfsi.o)
                0x000000000800071c                __aeabi_d2uiz
                0x000000000800071c                __fixunsdfsi
 .text          0x000000000800075c      0x21c c:/st/stm32cubeide_1.6.0/stm32cubeide/plugins/com.st.stm32cube.ide.mcu.externaltools.gnu-tools-for-stm32.9-2020-q2-update.win32_1.5.0.202011040924/tools/bin/../lib/gcc/arm-none-eabi/9.3.1/thumb/v7-m/nofp\libgcc.a(_arm_addsubsf3.o)
                0x000000000800075c                __aeabi_frsub
                0x0000000008000764                __subsf3
                0x0000000008000764                __aeabi_fsub
                0x0000000008000768                __aeabi_fadd
                0x0000000008000768                __addsf3
                0x00000000080008c8                __aeabi_ui2f
                0x00000000080008c8                __floatunsisf
                0x00000000080008d0                __aeabi_i2f
                0x00000000080008d0                __floatsisf
                0x00000000080008ec                __aeabi_ul2f
                0x00000000080008ec                __floatundisf
                0x00000000080008fc                __aeabi_l2f
                0x00000000080008fc                __floatdisf
 .text          0x0000000008000978      0x2a0 c:/st/stm32cubeide_1.6.0/stm32cubeide/plugins/com.st.stm32cube.ide.mcu.externaltools.gnu-tools-for-stm32.9-2020-q2-update.win32_1.5.0.202011040924/tools/bin/../lib/gcc/arm-none-eabi/9.3.1/thumb/v7-m/nofp\libgcc.a(_arm_muldivsf3.o)
                0x0000000008000978                __mulsf3
                0x0000000008000978                __aeabi_fmul
                0x0000000008000ae0                __aeabi_fdiv
                0x0000000008000ae0                __divsf3
 .text          0x0000000008000c18       0x4c c:/st/stm32cubeide_1.6.0/stm32cubeide/plugins/com.st.stm32cube.ide.mcu.externaltools.gnu-tools-for-stm32.9-2020-q2-update.win32_1.5.0.202011040924/tools/bin/../lib/gcc/arm-none-eabi/9.3.1/thumb/v7-m/nofp\libgcc.a(_arm_fixsfsi.o)
                0x0000000008000c18                __aeabi_f2iz
                0x0000000008000c18                __fixsfsi
 *(.text*)
 .text.CI_writeSmallDataWithRegister
                0x0000000008000c64       0x40 ComputerInterface/ComputerInterface.o
                0x0000000008000c64                CI_writeSmallDataWithRegister
 .text.CI_sendDataChannel
                0x0000000008000ca4      0x120 ComputerInterface/ComputerInterface.o
                0x0000000008000ca4                CI_sendDataChannel
 .text.CI_enableGetDataChannel
                0x0000000008000dc4       0x1c ComputerInterface/ComputerInterface.o
                0x0000000008000dc4                CI_enableGetDataChannel
 .text.CI_getDataChannel_IT
                0x0000000008000de0      0x10c ComputerInterface/ComputerInterface.o
                0x0000000008000de0                CI_getDataChannel_IT
 .text.getComputerVals
                0x0000000008000eec       0x20 ComputerInterface/ComputerInterface.o
                0x0000000008000eec                getComputerVals
 .text.main     0x0000000008000f0c       0x48 Core/Src/main.o
                0x0000000008000f0c                main
 .text.SystemClock_Config
                0x0000000008000f54       0x8a Core/Src/main.o
                0x0000000008000f54                SystemClock_Config
 *fill*         0x0000000008000fde        0x2 
 .text.MX_USART1_UART_Init
                0x0000000008000fe0       0x54 Core/Src/main.o
 .text.MX_USART2_UART_Init
                0x0000000008001034       0x54 Core/Src/main.o
 .text.MX_USART3_UART_Init
                0x0000000008001088       0x54 Core/Src/main.o
 .text.MX_GPIO_Init
                0x00000000080010dc      0x154 Core/Src/main.o
 .text.StartDefaultTask
                0x0000000008001230       0x10 Core/Src/main.o
                0x0000000008001230                StartDefaultTask
 .text.HAL_TIM_PeriodElapsedCallback
                0x0000000008001240       0x24 Core/Src/main.o
                0x0000000008001240                HAL_TIM_PeriodElapsedCallback
 .text.Error_Handler
                0x0000000008001264        0xa Core/Src/main.o
                0x0000000008001264                Error_Handler
 *fill*         0x000000000800126e        0x2 
 .text.HAL_MspInit
                0x0000000008001270       0x70 Core/Src/stm32f1xx_hal_msp.o
                0x0000000008001270                HAL_MspInit
 .text.HAL_UART_MspInit
                0x00000000080012e0      0x1b0 Core/Src/stm32f1xx_hal_msp.o
                0x00000000080012e0                HAL_UART_MspInit
 .text.HAL_InitTick
                0x0000000008001490       0xac Core/Src/stm32f1xx_hal_timebase_tim.o
                0x0000000008001490                HAL_InitTick
 .text.NMI_Handler
                0x000000000800153c        0x6 Core/Src/stm32f1xx_it.o
                0x000000000800153c                NMI_Handler
 .text.HardFault_Handler
                0x0000000008001542        0x6 Core/Src/stm32f1xx_it.o
                0x0000000008001542                HardFault_Handler
 .text.MemManage_Handler
                0x0000000008001548        0x6 Core/Src/stm32f1xx_it.o
                0x0000000008001548                MemManage_Handler
 .text.BusFault_Handler
                0x000000000800154e        0x6 Core/Src/stm32f1xx_it.o
                0x000000000800154e                BusFault_Handler
 .text.UsageFault_Handler
                0x0000000008001554        0x6 Core/Src/stm32f1xx_it.o
                0x0000000008001554                UsageFault_Handler
 .text.DebugMon_Handler
                0x000000000800155a        0xc Core/Src/stm32f1xx_it.o
                0x000000000800155a                DebugMon_Handler
 *fill*         0x0000000008001566        0x2 
 .text.TIM1_UP_IRQHandler
                0x0000000008001568       0x14 Core/Src/stm32f1xx_it.o
                0x0000000008001568                TIM1_UP_IRQHandler
 .text.USART1_IRQHandler
                0x000000000800157c       0x14 Core/Src/stm32f1xx_it.o
                0x000000000800157c                USART1_IRQHandler
 .text.USART2_IRQHandler
                0x0000000008001590       0x14 Core/Src/stm32f1xx_it.o
                0x0000000008001590                USART2_IRQHandler
 .text.USART3_IRQHandler
                0x00000000080015a4       0x14 Core/Src/stm32f1xx_it.o
                0x00000000080015a4                USART3_IRQHandler
 .text.SystemInit
                0x00000000080015b8        0xc Core/Src/system_stm32f1xx.o
                0x00000000080015b8                SystemInit
 .text.Reset_Handler
                0x00000000080015c4       0x48 Core/Startup/startup_stm32f103c8tx.o
                0x00000000080015c4                Reset_Handler
 .text.Default_Handler
                0x000000000800160c        0x2 Core/Startup/startup_stm32f103c8tx.o
                0x000000000800160c                RTC_Alarm_IRQHandler
                0x000000000800160c                EXTI2_IRQHandler
                0x000000000800160c                TIM1_CC_IRQHandler
                0x000000000800160c                PVD_IRQHandler
                0x000000000800160c                EXTI3_IRQHandler
                0x000000000800160c                EXTI0_IRQHandler
                0x000000000800160c                I2C2_EV_IRQHandler
                0x000000000800160c                ADC1_2_IRQHandler
                0x000000000800160c                SPI1_IRQHandler
                0x000000000800160c                TAMPER_IRQHandler
                0x000000000800160c                DMA1_Channel4_IRQHandler
                0x000000000800160c                RTC_IRQHandler
                0x000000000800160c                DMA1_Channel7_IRQHandler
                0x000000000800160c                CAN1_RX1_IRQHandler
                0x000000000800160c                TIM4_IRQHandler
                0x000000000800160c                I2C1_EV_IRQHandler
                0x000000000800160c                DMA1_Channel6_IRQHandler
                0x000000000800160c                TIM3_IRQHandler
                0x000000000800160c                RCC_IRQHandler
                0x000000000800160c                TIM1_TRG_COM_IRQHandler
                0x000000000800160c                DMA1_Channel1_IRQHandler
                0x000000000800160c                Default_Handler
                0x000000000800160c                EXTI15_10_IRQHandler
                0x000000000800160c                EXTI9_5_IRQHandler
                0x000000000800160c                SPI2_IRQHandler
                0x000000000800160c                DMA1_Channel5_IRQHandler
                0x000000000800160c                EXTI4_IRQHandler
                0x000000000800160c                USB_LP_CAN1_RX0_IRQHandler
                0x000000000800160c                USB_HP_CAN1_TX_IRQHandler
                0x000000000800160c                DMA1_Channel3_IRQHandler
                0x000000000800160c                WWDG_IRQHandler
                0x000000000800160c                TIM2_IRQHandler
                0x000000000800160c                TIM1_BRK_IRQHandler
                0x000000000800160c                EXTI1_IRQHandler
                0x000000000800160c                I2C2_ER_IRQHandler
                0x000000000800160c                DMA1_Channel2_IRQHandler
                0x000000000800160c                CAN1_SCE_IRQHandler
                0x000000000800160c                FLASH_IRQHandler
                0x000000000800160c                I2C1_ER_IRQHandler
                0x000000000800160c                USBWakeUp_IRQHandler
 *fill*         0x000000000800160e        0x2 
 .text.HAL_Init
                0x0000000008001610       0x2c Drivers/STM32F1xx_HAL_Driver/Src/stm32f1xx_hal.o
                0x0000000008001610                HAL_Init
 .text.HAL_IncTick
                0x000000000800163c       0x24 Drivers/STM32F1xx_HAL_Driver/Src/stm32f1xx_hal.o
                0x000000000800163c                HAL_IncTick
 .text.HAL_GetTick
                0x0000000008001660       0x14 Drivers/STM32F1xx_HAL_Driver/Src/stm32f1xx_hal.o
                0x0000000008001660                HAL_GetTick
 .text.__NVIC_SetPriorityGrouping
                0x0000000008001674       0x48 Drivers/STM32F1xx_HAL_Driver/Src/stm32f1xx_hal_cortex.o
 .text.__NVIC_GetPriorityGrouping
                0x00000000080016bc       0x1c Drivers/STM32F1xx_HAL_Driver/Src/stm32f1xx_hal_cortex.o
 .text.__NVIC_EnableIRQ
                0x00000000080016d8       0x38 Drivers/STM32F1xx_HAL_Driver/Src/stm32f1xx_hal_cortex.o
 .text.__NVIC_SetPriority
                0x0000000008001710       0x54 Drivers/STM32F1xx_HAL_Driver/Src/stm32f1xx_hal_cortex.o
 .text.NVIC_EncodePriority
                0x0000000008001764       0x64 Drivers/STM32F1xx_HAL_Driver/Src/stm32f1xx_hal_cortex.o
 .text.HAL_NVIC_SetPriorityGrouping
                0x00000000080017c8       0x16 Drivers/STM32F1xx_HAL_Driver/Src/stm32f1xx_hal_cortex.o
                0x00000000080017c8                HAL_NVIC_SetPriorityGrouping
 .text.HAL_NVIC_SetPriority
                0x00000000080017de       0x38 Drivers/STM32F1xx_HAL_Driver/Src/stm32f1xx_hal_cortex.o
                0x00000000080017de                HAL_NVIC_SetPriority
 .text.HAL_NVIC_EnableIRQ
                0x0000000008001816       0x1c Drivers/STM32F1xx_HAL_Driver/Src/stm32f1xx_hal_cortex.o
                0x0000000008001816                HAL_NVIC_EnableIRQ
 *fill*         0x0000000008001832        0x2 
 .text.HAL_DMA_Abort_IT
                0x0000000008001834       0xec Drivers/STM32F1xx_HAL_Driver/Src/stm32f1xx_hal_dma.o
                0x0000000008001834                HAL_DMA_Abort_IT
 .text.HAL_GPIO_Init
                0x0000000008001920      0x308 Drivers/STM32F1xx_HAL_Driver/Src/stm32f1xx_hal_gpio.o
                0x0000000008001920                HAL_GPIO_Init
 .text.HAL_GPIO_ReadPin
                0x0000000008001c28       0x2e Drivers/STM32F1xx_HAL_Driver/Src/stm32f1xx_hal_gpio.o
                0x0000000008001c28                HAL_GPIO_ReadPin
 .text.HAL_GPIO_WritePin
                0x0000000008001c56       0x30 Drivers/STM32F1xx_HAL_Driver/Src/stm32f1xx_hal_gpio.o
                0x0000000008001c56                HAL_GPIO_WritePin
 .text.HAL_GPIO_TogglePin
                0x0000000008001c86       0x32 Drivers/STM32F1xx_HAL_Driver/Src/stm32f1xx_hal_gpio.o
                0x0000000008001c86                HAL_GPIO_TogglePin
 .text.HAL_RCC_OscConfig
                0x0000000008001cb8      0x500 Drivers/STM32F1xx_HAL_Driver/Src/stm32f1xx_hal_rcc.o
                0x0000000008001cb8                HAL_RCC_OscConfig
 .text.HAL_RCC_ClockConfig
                0x00000000080021b8      0x1d4 Drivers/STM32F1xx_HAL_Driver/Src/stm32f1xx_hal_rcc.o
                0x00000000080021b8                HAL_RCC_ClockConfig
 .text.HAL_RCC_GetSysClockFreq
                0x000000000800238c       0xc0 Drivers/STM32F1xx_HAL_Driver/Src/stm32f1xx_hal_rcc.o
                0x000000000800238c                HAL_RCC_GetSysClockFreq
 .text.HAL_RCC_GetHCLKFreq
                0x000000000800244c       0x14 Drivers/STM32F1xx_HAL_Driver/Src/stm32f1xx_hal_rcc.o
                0x000000000800244c                HAL_RCC_GetHCLKFreq
 .text.HAL_RCC_GetPCLK1Freq
                0x0000000008002460       0x28 Drivers/STM32F1xx_HAL_Driver/Src/stm32f1xx_hal_rcc.o
                0x0000000008002460                HAL_RCC_GetPCLK1Freq
 .text.HAL_RCC_GetPCLK2Freq
                0x0000000008002488       0x28 Drivers/STM32F1xx_HAL_Driver/Src/stm32f1xx_hal_rcc.o
                0x0000000008002488                HAL_RCC_GetPCLK2Freq
 .text.HAL_RCC_GetClockConfig
                0x00000000080024b0       0x60 Drivers/STM32F1xx_HAL_Driver/Src/stm32f1xx_hal_rcc.o
                0x00000000080024b0                HAL_RCC_GetClockConfig
 .text.RCC_Delay
                0x0000000008002510       0x3c Drivers/STM32F1xx_HAL_Driver/Src/stm32f1xx_hal_rcc.o
 .text.HAL_TIM_Base_Init
                0x000000000800254c       0x9e Drivers/STM32F1xx_HAL_Driver/Src/stm32f1xx_hal_tim.o
                0x000000000800254c                HAL_TIM_Base_Init
 .text.HAL_TIM_Base_MspInit
                0x00000000080025ea       0x12 Drivers/STM32F1xx_HAL_Driver/Src/stm32f1xx_hal_tim.o
                0x00000000080025ea                HAL_TIM_Base_MspInit
 .text.HAL_TIM_Base_Start_IT
                0x00000000080025fc       0xa4 Drivers/STM32F1xx_HAL_Driver/Src/stm32f1xx_hal_tim.o
                0x00000000080025fc                HAL_TIM_Base_Start_IT
 .text.HAL_TIM_IRQHandler
                0x00000000080026a0      0x210 Drivers/STM32F1xx_HAL_Driver/Src/stm32f1xx_hal_tim.o
                0x00000000080026a0                HAL_TIM_IRQHandler
 .text.HAL_TIM_OC_DelayElapsedCallback
                0x00000000080028b0       0x12 Drivers/STM32F1xx_HAL_Driver/Src/stm32f1xx_hal_tim.o
                0x00000000080028b0                HAL_TIM_OC_DelayElapsedCallback
 .text.HAL_TIM_IC_CaptureCallback
                0x00000000080028c2       0x12 Drivers/STM32F1xx_HAL_Driver/Src/stm32f1xx_hal_tim.o
                0x00000000080028c2                HAL_TIM_IC_CaptureCallback
 .text.HAL_TIM_PWM_PulseFinishedCallback
                0x00000000080028d4       0x12 Drivers/STM32F1xx_HAL_Driver/Src/stm32f1xx_hal_tim.o
                0x00000000080028d4                HAL_TIM_PWM_PulseFinishedCallback
 .text.HAL_TIM_TriggerCallback
                0x00000000080028e6       0x12 Drivers/STM32F1xx_HAL_Driver/Src/stm32f1xx_hal_tim.o
                0x00000000080028e6                HAL_TIM_TriggerCallback
 .text.TIM_Base_SetConfig
                0x00000000080028f8       0xc4 Drivers/STM32F1xx_HAL_Driver/Src/stm32f1xx_hal_tim.o
                0x00000000080028f8                TIM_Base_SetConfig
 .text.HAL_TIMEx_CommutCallback
                0x00000000080029bc       0x12 Drivers/STM32F1xx_HAL_Driver/Src/stm32f1xx_hal_tim_ex.o
                0x00000000080029bc                HAL_TIMEx_CommutCallback
 .text.HAL_TIMEx_BreakCallback
                0x00000000080029ce       0x12 Drivers/STM32F1xx_HAL_Driver/Src/stm32f1xx_hal_tim_ex.o
                0x00000000080029ce                HAL_TIMEx_BreakCallback
 .text.HAL_UART_Init
                0x00000000080029e0       0x9a Drivers/STM32F1xx_HAL_Driver/Src/stm32f1xx_hal_uart.o
                0x00000000080029e0                HAL_UART_Init
 .text.HAL_UART_Receive_IT
                0x0000000008002a7a       0xa8 Drivers/STM32F1xx_HAL_Driver/Src/stm32f1xx_hal_uart.o
                0x0000000008002a7a                HAL_UART_Receive_IT
 *fill*         0x0000000008002b22        0x2 
 .text.HAL_UART_IRQHandler
                0x0000000008002b24      0x200 Drivers/STM32F1xx_HAL_Driver/Src/stm32f1xx_hal_uart.o
                0x0000000008002b24                HAL_UART_IRQHandler
 .text.HAL_UART_TxCpltCallback
                0x0000000008002d24       0x12 Drivers/STM32F1xx_HAL_Driver/Src/stm32f1xx_hal_uart.o
                0x0000000008002d24                HAL_UART_TxCpltCallback
 .text.HAL_UART_ErrorCallback
                0x0000000008002d36       0x12 Drivers/STM32F1xx_HAL_Driver/Src/stm32f1xx_hal_uart.o
                0x0000000008002d36                HAL_UART_ErrorCallback
 .text.UART_EndRxTransfer
                0x0000000008002d48       0x3a Drivers/STM32F1xx_HAL_Driver/Src/stm32f1xx_hal_uart.o
 .text.UART_DMAAbortOnError
                0x0000000008002d82       0x28 Drivers/STM32F1xx_HAL_Driver/Src/stm32f1xx_hal_uart.o
 .text.UART_Transmit_IT
                0x0000000008002daa       0x9e Drivers/STM32F1xx_HAL_Driver/Src/stm32f1xx_hal_uart.o
 .text.UART_EndTransmit_IT
                0x0000000008002e48       0x30 Drivers/STM32F1xx_HAL_Driver/Src/stm32f1xx_hal_uart.o
 .text.UART_Receive_IT
                0x0000000008002e78      0x100 Drivers/STM32F1xx_HAL_Driver/Src/stm32f1xx_hal_uart.o
 .text.UART_SetConfig
                0x0000000008002f78      0x11c Drivers/STM32F1xx_HAL_Driver/Src/stm32f1xx_hal_uart.o
 .text.IO_init  0x0000000008003094       0x70 InputOutputInterface/InputOutputInterface.o
                0x0000000008003094                IO_init
 .text.IO_readInputSwitchs
                0x0000000008003104       0xd4 InputOutputInterface/InputOutputInterface.o
                0x0000000008003104                IO_readInputSwitchs
 .text.IO_testInputOutput
                0x00000000080031d8       0x40 InputOutputInterface/InputOutputInterface.o
                0x00000000080031d8                IO_testInputOutput
 .text.IO_inputsBitsPackageToByte
                0x0000000008003218       0x64 InputOutputInterface/InputOutputInterface.o
                0x0000000008003218                IO_inputsBitsPackageToByte
 .text.IO_outputByteToBitsPackage
                0x000000000800327c       0xb4 InputOutputInterface/InputOutputInterface.o
                0x000000000800327c                IO_outputByteToBitsPackage
 .text.IO_getInputOutputsVal
                0x0000000008003330       0x2c InputOutputInterface/InputOutputInterface.o
                0x0000000008003330                IO_getInputOutputsVal
 .text.osKernelInitialize
                0x000000000800335c       0x64 Middlewares/Third_Party/FreeRTOS/Source/CMSIS_RTOS_V2/cmsis_os2.o
                0x000000000800335c                osKernelInitialize
 .text.osKernelStart
                0x00000000080033c0       0x68 Middlewares/Third_Party/FreeRTOS/Source/CMSIS_RTOS_V2/cmsis_os2.o
                0x00000000080033c0                osKernelStart
 .text.osThreadNew
                0x0000000008003428      0x154 Middlewares/Third_Party/FreeRTOS/Source/CMSIS_RTOS_V2/cmsis_os2.o
                0x0000000008003428                osThreadNew
 .text.osDelay  0x000000000800357c       0x5c Middlewares/Third_Party/FreeRTOS/Source/CMSIS_RTOS_V2/cmsis_os2.o
                0x000000000800357c                osDelay
 .text.vApplicationGetIdleTaskMemory
                0x00000000080035d8       0x30 Middlewares/Third_Party/FreeRTOS/Source/CMSIS_RTOS_V2/cmsis_os2.o
                0x00000000080035d8                vApplicationGetIdleTaskMemory
 .text.vApplicationGetTimerTaskMemory
                0x0000000008003608       0x34 Middlewares/Third_Party/FreeRTOS/Source/CMSIS_RTOS_V2/cmsis_os2.o
                0x0000000008003608                vApplicationGetTimerTaskMemory
 .text.vListInitialise
                0x000000000800363c       0x3e Middlewares/Third_Party/FreeRTOS/Source/list.o
                0x000000000800363c                vListInitialise
 .text.vListInitialiseItem
                0x000000000800367a       0x18 Middlewares/Third_Party/FreeRTOS/Source/list.o
                0x000000000800367a                vListInitialiseItem
 .text.vListInsertEnd
                0x0000000008003692       0x46 Middlewares/Third_Party/FreeRTOS/Source/list.o
                0x0000000008003692                vListInsertEnd
 .text.vListInsert
                0x00000000080036d8       0x70 Middlewares/Third_Party/FreeRTOS/Source/list.o
                0x00000000080036d8                vListInsert
 .text.uxListRemove
                0x0000000008003748       0x52 Middlewares/Third_Party/FreeRTOS/Source/list.o
                0x0000000008003748                uxListRemove
 *fill*         0x000000000800379a        0x2 
 .text.xQueueGenericReset
                0x000000000800379c       0xd0 Middlewares/Third_Party/FreeRTOS/Source/queue.o
                0x000000000800379c                xQueueGenericReset
 .text.xQueueGenericCreateStatic
                0x000000000800386c       0xee Middlewares/Third_Party/FreeRTOS/Source/queue.o
                0x000000000800386c                xQueueGenericCreateStatic
 .text.xQueueGenericCreate
                0x000000000800395a       0x7c Middlewares/Third_Party/FreeRTOS/Source/queue.o
                0x000000000800395a                xQueueGenericCreate
 .text.prvInitialiseNewQueue
                0x00000000080039d6       0x46 Middlewares/Third_Party/FreeRTOS/Source/queue.o
 .text.xQueueGenericSend
                0x0000000008003a1c      0x1fc Middlewares/Third_Party/FreeRTOS/Source/queue.o
                0x0000000008003a1c                xQueueGenericSend
 .text.xQueueGenericSendFromISR
                0x0000000008003c18      0x130 Middlewares/Third_Party/FreeRTOS/Source/queue.o
                0x0000000008003c18                xQueueGenericSendFromISR
 .text.xQueueReceive
                0x0000000008003d48      0x1c0 Middlewares/Third_Party/FreeRTOS/Source/queue.o
                0x0000000008003d48                xQueueReceive
 .text.xQueueSemaphoreTake
                0x0000000008003f08      0x218 Middlewares/Third_Party/FreeRTOS/Source/queue.o
                0x0000000008003f08                xQueueSemaphoreTake
 .text.prvGetDisinheritPriorityAfterTimeout
                0x0000000008004120       0x2e Middlewares/Third_Party/FreeRTOS/Source/queue.o
 .text.prvCopyDataToQueue
                0x000000000800414e       0xd4 Middlewares/Third_Party/FreeRTOS/Source/queue.o
 .text.prvCopyDataFromQueue
                0x0000000008004222       0x4c Middlewares/Third_Party/FreeRTOS/Source/queue.o
 .text.prvUnlockQueue
                0x000000000800426e       0xa4 Middlewares/Third_Party/FreeRTOS/Source/queue.o
 .text.prvIsQueueEmpty
                0x0000000008004312       0x2c Middlewares/Third_Party/FreeRTOS/Source/queue.o
 .text.prvIsQueueFull
                0x000000000800433e       0x30 Middlewares/Third_Party/FreeRTOS/Source/queue.o
 *fill*         0x000000000800436e        0x2 
 .text.vQueueAddToRegistry
                0x0000000008004370       0x50 Middlewares/Third_Party/FreeRTOS/Source/queue.o
                0x0000000008004370                vQueueAddToRegistry
 .text.vQueueWaitForMessageRestricted
                0x00000000080043c0       0x68 Middlewares/Third_Party/FreeRTOS/Source/queue.o
                0x00000000080043c0                vQueueWaitForMessageRestricted
 .text.xTaskCreateStatic
                0x0000000008004428       0xb8 Middlewares/Third_Party/FreeRTOS/Source/tasks.o
                0x0000000008004428                xTaskCreateStatic
 .text.xTaskCreate
                0x00000000080044e0       0x8a Middlewares/Third_Party/FreeRTOS/Source/tasks.o
                0x00000000080044e0                xTaskCreate
 .text.prvInitialiseNewTask
                0x000000000800456a      0x10e Middlewares/Third_Party/FreeRTOS/Source/tasks.o
 .text.prvAddNewTaskToReadyList
                0x0000000008004678       0xe0 Middlewares/Third_Party/FreeRTOS/Source/tasks.o
 .text.vTaskDelay
                0x0000000008004758       0x68 Middlewares/Third_Party/FreeRTOS/Source/tasks.o
                0x0000000008004758                vTaskDelay
 .text.vTaskStartScheduler
                0x00000000080047c0       0xcc Middlewares/Third_Party/FreeRTOS/Source/tasks.o
                0x00000000080047c0                vTaskStartScheduler
 .text.vTaskSuspendAll
                0x000000000800488c       0x1c Middlewares/Third_Party/FreeRTOS/Source/tasks.o
                0x000000000800488c                vTaskSuspendAll
 .text.xTaskResumeAll
                0x00000000080048a8      0x13c Middlewares/Third_Party/FreeRTOS/Source/tasks.o
                0x00000000080048a8                xTaskResumeAll
 .text.xTaskGetTickCount
                0x00000000080049e4       0x1c Middlewares/Third_Party/FreeRTOS/Source/tasks.o
                0x00000000080049e4                xTaskGetTickCount
 .text.xTaskIncrementTick
                0x0000000008004a00      0x17c Middlewares/Third_Party/FreeRTOS/Source/tasks.o
                0x0000000008004a00                xTaskIncrementTick
 .text.vTaskSwitchContext
                0x0000000008004b7c       0xb8 Middlewares/Third_Party/FreeRTOS/Source/tasks.o
                0x0000000008004b7c                vTaskSwitchContext
 .text.vTaskPlaceOnEventList
                0x0000000008004c34       0x48 Middlewares/Third_Party/FreeRTOS/Source/tasks.o
                0x0000000008004c34                vTaskPlaceOnEventList
 .text.vTaskPlaceOnEventListRestricted
                0x0000000008004c7c       0x58 Middlewares/Third_Party/FreeRTOS/Source/tasks.o
                0x0000000008004c7c                vTaskPlaceOnEventListRestricted
 .text.xTaskRemoveFromEventList
                0x0000000008004cd4       0xc8 Middlewares/Third_Party/FreeRTOS/Source/tasks.o
                0x0000000008004cd4                xTaskRemoveFromEventList
 .text.vTaskInternalSetTimeOutState
                0x0000000008004d9c       0x2c Middlewares/Third_Party/FreeRTOS/Source/tasks.o
                0x0000000008004d9c                vTaskInternalSetTimeOutState
 .text.xTaskCheckForTimeOut
                0x0000000008004dc8       0xc4 Middlewares/Third_Party/FreeRTOS/Source/tasks.o
                0x0000000008004dc8                xTaskCheckForTimeOut
 .text.vTaskMissedYield
                0x0000000008004e8c       0x18 Middlewares/Third_Party/FreeRTOS/Source/tasks.o
                0x0000000008004e8c                vTaskMissedYield
 .text.prvIdleTask
                0x0000000008004ea4       0x30 Middlewares/Third_Party/FreeRTOS/Source/tasks.o
 .text.prvInitialiseTaskLists
                0x0000000008004ed4       0x80 Middlewares/Third_Party/FreeRTOS/Source/tasks.o
 .text.prvCheckTasksWaitingTermination
                0x0000000008004f54       0x5c Middlewares/Third_Party/FreeRTOS/Source/tasks.o
 .text.prvDeleteTCB
                0x0000000008004fb0       0x5e Middlewares/Third_Party/FreeRTOS/Source/tasks.o
 *fill*         0x000000000800500e        0x2 
 .text.prvResetNextTaskUnblockTime
                0x0000000008005010       0x48 Middlewares/Third_Party/FreeRTOS/Source/tasks.o
 .text.xTaskGetSchedulerState
                0x0000000008005058       0x3c Middlewares/Third_Party/FreeRTOS/Source/tasks.o
                0x0000000008005058                xTaskGetSchedulerState
 .text.xTaskPriorityInherit
                0x0000000008005094       0xdc Middlewares/Third_Party/FreeRTOS/Source/tasks.o
                0x0000000008005094                xTaskPriorityInherit
 .text.xTaskPriorityDisinherit
                0x0000000008005170       0xdc Middlewares/Third_Party/FreeRTOS/Source/tasks.o
                0x0000000008005170                xTaskPriorityDisinherit
 .text.vTaskPriorityDisinheritAfterTimeout
                0x000000000800524c      0x10c Middlewares/Third_Party/FreeRTOS/Source/tasks.o
                0x000000000800524c                vTaskPriorityDisinheritAfterTimeout
 .text.pvTaskIncrementMutexHeldCount
                0x0000000008005358       0x28 Middlewares/Third_Party/FreeRTOS/Source/tasks.o
                0x0000000008005358                pvTaskIncrementMutexHeldCount
 .text.prvAddCurrentTaskToDelayedList
                0x0000000008005380       0xa8 Middlewares/Third_Party/FreeRTOS/Source/tasks.o
 .text.xTimerCreateTimerTask
                0x0000000008005428       0x90 Middlewares/Third_Party/FreeRTOS/Source/timers.o
                0x0000000008005428                xTimerCreateTimerTask
 .text.xTimerGenericCommand
                0x00000000080054b8       0x9c Middlewares/Third_Party/FreeRTOS/Source/timers.o
                0x00000000080054b8                xTimerGenericCommand
 .text.prvProcessExpiredTimer
                0x0000000008005554       0x80 Middlewares/Third_Party/FreeRTOS/Source/timers.o
 .text.prvTimerTask
                0x00000000080055d4       0x24 Middlewares/Third_Party/FreeRTOS/Source/timers.o
 .text.prvProcessTimerOrBlockTask
                0x00000000080055f8       0x9c Middlewares/Third_Party/FreeRTOS/Source/timers.o
 .text.prvGetNextExpireTime
                0x0000000008005694       0x48 Middlewares/Third_Party/FreeRTOS/Source/timers.o
 .text.prvSampleTimeNow
                0x00000000080056dc       0x40 Middlewares/Third_Party/FreeRTOS/Source/timers.o
 .text.prvInsertTimerInActiveList
                0x000000000800571c       0x84 Middlewares/Third_Party/FreeRTOS/Source/timers.o
 .text.prvProcessReceivedCommands
                0x00000000080057a0      0x168 Middlewares/Third_Party/FreeRTOS/Source/timers.o
 .text.prvSwitchTimerLists
                0x0000000008005908       0xc4 Middlewares/Third_Party/FreeRTOS/Source/timers.o
 .text.prvCheckForValidListAndQueue
                0x00000000080059cc       0x80 Middlewares/Third_Party/FreeRTOS/Source/timers.o
 .text.pxPortInitialiseStack
                0x0000000008005a4c       0x58 Middlewares/Third_Party/FreeRTOS/Source/portable/GCC/ARM_CM3/port.o
                0x0000000008005a4c                pxPortInitialiseStack
 .text.prvTaskExitError
                0x0000000008005aa4       0x58 Middlewares/Third_Party/FreeRTOS/Source/portable/GCC/ARM_CM3/port.o
 *fill*         0x0000000008005afc        0x4 
 .text.SVC_Handler
                0x0000000008005b00       0x28 Middlewares/Third_Party/FreeRTOS/Source/portable/GCC/ARM_CM3/port.o
                0x0000000008005b00                SVC_Handler
 .text.prvPortStartFirstTask
                0x0000000008005b28       0x20 Middlewares/Third_Party/FreeRTOS/Source/portable/GCC/ARM_CM3/port.o
 .text.xPortStartScheduler
                0x0000000008005b48       0xe4 Middlewares/Third_Party/FreeRTOS/Source/portable/GCC/ARM_CM3/port.o
                0x0000000008005b48                xPortStartScheduler
 .text.vPortEnterCritical
                0x0000000008005c2c       0x60 Middlewares/Third_Party/FreeRTOS/Source/portable/GCC/ARM_CM3/port.o
                0x0000000008005c2c                vPortEnterCritical
 .text.vPortExitCritical
                0x0000000008005c8c       0x50 Middlewares/Third_Party/FreeRTOS/Source/portable/GCC/ARM_CM3/port.o
                0x0000000008005c8c                vPortExitCritical
 *fill*         0x0000000008005cdc        0x4 
 .text.PendSV_Handler
                0x0000000008005ce0       0x48 Middlewares/Third_Party/FreeRTOS/Source/portable/GCC/ARM_CM3/port.o
                0x0000000008005ce0                PendSV_Handler
 .text.SysTick_Handler
                0x0000000008005d28       0x44 Middlewares/Third_Party/FreeRTOS/Source/portable/GCC/ARM_CM3/port.o
                0x0000000008005d28                SysTick_Handler
 .text.vPortSetupTimerInterrupt
                0x0000000008005d6c       0x44 Middlewares/Third_Party/FreeRTOS/Source/portable/GCC/ARM_CM3/port.o
                0x0000000008005d6c                vPortSetupTimerInterrupt
 .text.vPortValidateInterruptPriority
                0x0000000008005db0       0x7c Middlewares/Third_Party/FreeRTOS/Source/portable/GCC/ARM_CM3/port.o
                0x0000000008005db0                vPortValidateInterruptPriority
 .text.pvPortMalloc
                0x0000000008005e2c      0x188 Middlewares/Third_Party/FreeRTOS/Source/portable/MemMang/heap_4.o
                0x0000000008005e2c                pvPortMalloc
 .text.vPortFree
                0x0000000008005fb4       0xb4 Middlewares/Third_Party/FreeRTOS/Source/portable/MemMang/heap_4.o
                0x0000000008005fb4                vPortFree
 .text.prvHeapInit
                0x0000000008006068       0xc4 Middlewares/Third_Party/FreeRTOS/Source/portable/MemMang/heap_4.o
 .text.prvInsertBlockIntoFreeList
                0x000000000800612c       0xb0 Middlewares/Third_Party/FreeRTOS/Source/portable/MemMang/heap_4.o
 .text.MDI_writeSmallDataWithRegister
                0x00000000080061dc       0x40 motorDriverInterface/motorDriverInterface.o
                0x00000000080061dc                MDI_writeSmallDataWithRegister
 .text.MDI_sendDataChannel1Ver2
                0x000000000800621c       0xe0 motorDriverInterface/motorDriverInterface.o
                0x000000000800621c                MDI_sendDataChannel1Ver2
 .text.MDI_enableGetDataChannel1
                0x00000000080062fc       0x1c motorDriverInterface/motorDriverInterface.o
                0x00000000080062fc                MDI_enableGetDataChannel1
 .text.MDI_getDataChannel1_IT
                0x0000000008006318      0x110 motorDriverInterface/motorDriverInterface.o
                0x0000000008006318                MDI_getDataChannel1_IT
 .text.MDI_sendDataChannel2Ver2
                0x0000000008006428       0xf4 motorDriverInterface/motorDriverInterface.o
                0x0000000008006428                MDI_sendDataChannel2Ver2
 .text.MDI_enableGetDataChannel2
                0x000000000800651c       0x1c motorDriverInterface/motorDriverInterface.o
                0x000000000800651c                MDI_enableGetDataChannel2
 .text.MDI_getDataChannel2_IT
                0x0000000008006538      0x134 motorDriverInterface/motorDriverInterface.o
                0x0000000008006538                MDI_getDataChannel2_IT
 .text.getDriver1ReceiveVal
                0x000000000800666c       0x24 motorDriverInterface/motorDriverInterface.o
                0x000000000800666c                getDriver1ReceiveVal
 .text.getDriver2ReceiveVal
                0x0000000008006690       0x20 motorDriverInterface/motorDriverInterface.o
                0x0000000008006690                getDriver2ReceiveVal
 .text.HAL_UART_RxCpltCallback
                0x00000000080066b0       0x22 taskManagerInterface/taskManagerInterface.o
                0x00000000080066b0                HAL_UART_RxCpltCallback
 *fill*         0x00000000080066d2        0x2 
 .text.tasks_init
                0x00000000080066d4      0x1c8 taskManagerInterface/taskManagerInterface.o
                0x00000000080066d4                tasks_init
 .text.readSwitchsTask
                0x000000000800689c        0xe taskManagerInterface/taskManagerInterface.o
                0x000000000800689c                readSwitchsTask
 .text.writeRelaysTask
                0x00000000080068aa        0xe taskManagerInterface/taskManagerInterface.o
                0x00000000080068aa                writeRelaysTask
 .text.ledTestTask
                0x00000000080068b8       0x20 taskManagerInterface/taskManagerInterface.o
                0x00000000080068b8                ledTestTask
 .text.computerGetTask
                0x00000000080068d8       0x30 taskManagerInterface/taskManagerInterface.o
                0x00000000080068d8                computerGetTask
 .text.computerValTask
                0x0000000008006908      0x16c taskManagerInterface/taskManagerInterface.o
                0x0000000008006908                computerValTask
 .text.computerSendTask
                0x0000000008006a74       0x2c taskManagerInterface/taskManagerInterface.o
                0x0000000008006a74                computerSendTask
 .text.sendDataUart1Task
                0x0000000008006aa0       0x4c taskManagerInterface/taskManagerInterface.o
                0x0000000008006aa0                sendDataUart1Task
 .text.sendDataUart2Task
                0x0000000008006aec       0x58 taskManagerInterface/taskManagerInterface.o
                0x0000000008006aec                sendDataUart2Task
 .text.getDataUart1Task
                0x0000000008006b44       0x30 taskManagerInterface/taskManagerInterface.o
                0x0000000008006b44                getDataUart1Task
 .text.getDataUart2Task
                0x0000000008006b74       0x30 taskManagerInterface/taskManagerInterface.o
                0x0000000008006b74                getDataUart2Task
 .text.driverInit
                0x0000000008006ba4       0x58 taskManagerInterface/taskManagerInterface.o
                0x0000000008006ba4                driverInit
 .text.valuesMapforFloat
                0x0000000008006bfc       0x62 taskManagerInterface/taskManagerInterface.o
                0x0000000008006bfc                valuesMapforFloat
 *fill*         0x0000000008006c5e        0x2 
 .text.__libc_init_array
                0x0000000008006c60       0x48 c:/st/stm32cubeide_1.6.0/stm32cubeide/plugins/com.st.stm32cube.ide.mcu.externaltools.gnu-tools-for-stm32.9-2020-q2-update.win32_1.5.0.202011040924/tools/bin/../lib/gcc/arm-none-eabi/9.3.1/../../../../arm-none-eabi/lib/thumb/v7-m/nofp\libc_nano.a(lib_a-init.o)
                0x0000000008006c60                __libc_init_array
 .text.memcpy   0x0000000008006ca8       0x1c c:/st/stm32cubeide_1.6.0/stm32cubeide/plugins/com.st.stm32cube.ide.mcu.externaltools.gnu-tools-for-stm32.9-2020-q2-update.win32_1.5.0.202011040924/tools/bin/../lib/gcc/arm-none-eabi/9.3.1/../../../../arm-none-eabi/lib/thumb/v7-m/nofp\libc_nano.a(lib_a-memcpy-stub.o)
                0x0000000008006ca8                memcpy
 .text.memset   0x0000000008006cc4       0x10 c:/st/stm32cubeide_1.6.0/stm32cubeide/plugins/com.st.stm32cube.ide.mcu.externaltools.gnu-tools-for-stm32.9-2020-q2-update.win32_1.5.0.202011040924/tools/bin/../lib/gcc/arm-none-eabi/9.3.1/../../../../arm-none-eabi/lib/thumb/v7-m/nofp\libc_nano.a(lib_a-memset.o)
                0x0000000008006cc4                memset
 *(.glue_7)
 .glue_7        0x0000000008006cd4        0x0 linker stubs
 *(.glue_7t)
 .glue_7t       0x0000000008006cd4        0x0 linker stubs
 *(.eh_frame)
 .eh_frame      0x0000000008006cd4        0x0 c:/st/stm32cubeide_1.6.0/stm32cubeide/plugins/com.st.stm32cube.ide.mcu.externaltools.gnu-tools-for-stm32.9-2020-q2-update.win32_1.5.0.202011040924/tools/bin/../lib/gcc/arm-none-eabi/9.3.1/thumb/v7-m/nofp/crtbegin.o
 *(.init)
 .init          0x0000000008006cd4        0x4 c:/st/stm32cubeide_1.6.0/stm32cubeide/plugins/com.st.stm32cube.ide.mcu.externaltools.gnu-tools-for-stm32.9-2020-q2-update.win32_1.5.0.202011040924/tools/bin/../lib/gcc/arm-none-eabi/9.3.1/thumb/v7-m/nofp/crti.o
                0x0000000008006cd4                _init
 .init          0x0000000008006cd8        0x8 c:/st/stm32cubeide_1.6.0/stm32cubeide/plugins/com.st.stm32cube.ide.mcu.externaltools.gnu-tools-for-stm32.9-2020-q2-update.win32_1.5.0.202011040924/tools/bin/../lib/gcc/arm-none-eabi/9.3.1/thumb/v7-m/nofp/crtn.o
 *(.fini)
 .fini          0x0000000008006ce0        0x4 c:/st/stm32cubeide_1.6.0/stm32cubeide/plugins/com.st.stm32cube.ide.mcu.externaltools.gnu-tools-for-stm32.9-2020-q2-update.win32_1.5.0.202011040924/tools/bin/../lib/gcc/arm-none-eabi/9.3.1/thumb/v7-m/nofp/crti.o
                0x0000000008006ce0                _fini
 .fini          0x0000000008006ce4        0x8 c:/st/stm32cubeide_1.6.0/stm32cubeide/plugins/com.st.stm32cube.ide.mcu.externaltools.gnu-tools-for-stm32.9-2020-q2-update.win32_1.5.0.202011040924/tools/bin/../lib/gcc/arm-none-eabi/9.3.1/thumb/v7-m/nofp/crtn.o
                0x0000000008006cec                . = ALIGN (0x4)
                0x0000000008006cec                _etext = .

.vfp11_veneer   0x0000000008006cec        0x0
 .vfp11_veneer  0x0000000008006cec        0x0 linker stubs

.v4_bx          0x0000000008006cec        0x0
 .v4_bx         0x0000000008006cec        0x0 linker stubs

.iplt           0x0000000008006cec        0x0
 .iplt          0x0000000008006cec        0x0 c:/st/stm32cubeide_1.6.0/stm32cubeide/plugins/com.st.stm32cube.ide.mcu.externaltools.gnu-tools-for-stm32.9-2020-q2-update.win32_1.5.0.202011040924/tools/bin/../lib/gcc/arm-none-eabi/9.3.1/thumb/v7-m/nofp/crtbegin.o

.rodata         0x0000000008006cec       0xf4
                0x0000000008006cec                . = ALIGN (0x4)
 *(.rodata)
 .rodata        0x0000000008006cec        0xc Core/Src/main.o
 .rodata        0x0000000008006cf8       0x10 Drivers/STM32F1xx_HAL_Driver/Src/stm32f1xx_hal_rcc.o
 .rodata        0x0000000008006d08        0x5 Middlewares/Third_Party/FreeRTOS/Source/tasks.o
 *fill*         0x0000000008006d0d        0x3 
 .rodata        0x0000000008006d10        0xd Middlewares/Third_Party/FreeRTOS/Source/timers.o
 *fill*         0x0000000008006d1d        0x3 
 .rodata        0x0000000008006d20       0x81 taskManagerInterface/taskManagerInterface.o
 *(.rodata*)
 *fill*         0x0000000008006da1        0x3 
 .rodata.defaultTask_attributes
                0x0000000008006da4       0x24 Core/Src/main.o
                0x0000000008006da4                defaultTask_attributes
 .rodata.AHBPrescTable
                0x0000000008006dc8       0x10 Core/Src/system_stm32f1xx.o
                0x0000000008006dc8                AHBPrescTable
 .rodata.APBPrescTable
                0x0000000008006dd8        0x8 Core/Src/system_stm32f1xx.o
                0x0000000008006dd8                APBPrescTable
                0x0000000008006de0                . = ALIGN (0x4)

.rel.dyn        0x0000000008006de0        0x0
 .rel.iplt      0x0000000008006de0        0x0 c:/st/stm32cubeide_1.6.0/stm32cubeide/plugins/com.st.stm32cube.ide.mcu.externaltools.gnu-tools-for-stm32.9-2020-q2-update.win32_1.5.0.202011040924/tools/bin/../lib/gcc/arm-none-eabi/9.3.1/thumb/v7-m/nofp/crtbegin.o

.ARM.extab      0x0000000008006de0        0x0
                0x0000000008006de0                . = ALIGN (0x4)
 *(.ARM.extab* .gnu.linkonce.armextab.*)
                0x0000000008006de0                . = ALIGN (0x4)

.ARM            0x0000000008006de0        0x0
                0x0000000008006de0                . = ALIGN (0x4)
                0x0000000008006de0                __exidx_start = .
 *(.ARM.exidx*)
                0x0000000008006de0                __exidx_end = .
                0x0000000008006de0                . = ALIGN (0x4)

.preinit_array  0x0000000008006de0        0x0
                0x0000000008006de0                . = ALIGN (0x4)
                0x0000000008006de0                PROVIDE (__preinit_array_start = .)
 *(.preinit_array*)
                0x0000000008006de0                PROVIDE (__preinit_array_end = .)
                0x0000000008006de0                . = ALIGN (0x4)

.init_array     0x0000000008006de0        0x4
                0x0000000008006de0                . = ALIGN (0x4)
                0x0000000008006de0                PROVIDE (__init_array_start = .)
 *(SORT_BY_NAME(.init_array.*))
 *(.init_array*)
 .init_array    0x0000000008006de0        0x4 c:/st/stm32cubeide_1.6.0/stm32cubeide/plugins/com.st.stm32cube.ide.mcu.externaltools.gnu-tools-for-stm32.9-2020-q2-update.win32_1.5.0.202011040924/tools/bin/../lib/gcc/arm-none-eabi/9.3.1/thumb/v7-m/nofp/crtbegin.o
                0x0000000008006de4                PROVIDE (__init_array_end = .)
                0x0000000008006de4                . = ALIGN (0x4)

.fini_array     0x0000000008006de4        0x4
                0x0000000008006de4                . = ALIGN (0x4)
                [!provide]                        PROVIDE (__fini_array_start = .)
 *(SORT_BY_NAME(.fini_array.*))
 *(.fini_array*)
 .fini_array    0x0000000008006de4        0x4 c:/st/stm32cubeide_1.6.0/stm32cubeide/plugins/com.st.stm32cube.ide.mcu.externaltools.gnu-tools-for-stm32.9-2020-q2-update.win32_1.5.0.202011040924/tools/bin/../lib/gcc/arm-none-eabi/9.3.1/thumb/v7-m/nofp/crtbegin.o
                [!provide]                        PROVIDE (__fini_array_end = .)
                0x0000000008006de8                . = ALIGN (0x4)
                0x0000000008006de8                _sidata = LOADADDR (.data)

.data           0x0000000020000000       0x10 load address 0x0000000008006de8
                0x0000000020000000                . = ALIGN (0x4)
                0x0000000020000000                _sdata = .
 *(.data)
 *(.data*)
 .data.SystemCoreClock
                0x0000000020000000        0x4 Core/Src/system_stm32f1xx.o
                0x0000000020000000                SystemCoreClock
 .data.uwTickPrio
                0x0000000020000004        0x4 Drivers/STM32F1xx_HAL_Driver/Src/stm32f1xx_hal.o
                0x0000000020000004                uwTickPrio
 .data.uwTickFreq
                0x0000000020000008        0x1 Drivers/STM32F1xx_HAL_Driver/Src/stm32f1xx_hal.o
                0x0000000020000008                uwTickFreq
 *fill*         0x0000000020000009        0x3 
 .data.uxCriticalNesting
                0x000000002000000c        0x4 Middlewares/Third_Party/FreeRTOS/Source/portable/GCC/ARM_CM3/port.o
 *(.RamFunc)
 *(.RamFunc*)
                0x0000000020000010                . = ALIGN (0x4)
                0x0000000020000010                _edata = .

.igot.plt       0x0000000020000010        0x0 load address 0x0000000008006df8
 .igot.plt      0x0000000020000010        0x0 c:/st/stm32cubeide_1.6.0/stm32cubeide/plugins/com.st.stm32cube.ide.mcu.externaltools.gnu-tools-for-stm32.9-2020-q2-update.win32_1.5.0.202011040924/tools/bin/../lib/gcc/arm-none-eabi/9.3.1/thumb/v7-m/nofp/crtbegin.o
                0x0000000020000010                . = ALIGN (0x4)

.bss            0x0000000020000010     0x3754 load address 0x0000000008006df8
                0x0000000020000010                _sbss = .
                0x0000000020000010                __bss_start__ = _sbss
 *(.bss)
 .bss           0x0000000020000010       0x1c c:/st/stm32cubeide_1.6.0/stm32cubeide/plugins/com.st.stm32cube.ide.mcu.externaltools.gnu-tools-for-stm32.9-2020-q2-update.win32_1.5.0.202011040924/tools/bin/../lib/gcc/arm-none-eabi/9.3.1/thumb/v7-m/nofp/crtbegin.o
 *(.bss*)
 .bss.getTmpCH  0x000000002000002c        0x1 ComputerInterface/ComputerInterface.o
                0x000000002000002c                getTmpCH
 *fill*         0x000000002000002d        0x3 
 .bss.tmpArr    0x0000000020000030        0xd ComputerInterface/ComputerInterface.o
 .bss.getTmpBeff.6549
                0x000000002000003d        0x1 ComputerInterface/ComputerInterface.o
 .bss.counter.6548
                0x000000002000003e        0x1 ComputerInterface/ComputerInterface.o
 *fill*         0x000000002000003f        0x1 
 .bss.KernelState
                0x0000000020000040        0x4 Middlewares/Third_Party/FreeRTOS/Source/CMSIS_RTOS_V2/cmsis_os2.o
 .bss.Idle_TCB  0x0000000020000044       0x5c Middlewares/Third_Party/FreeRTOS/Source/CMSIS_RTOS_V2/cmsis_os2.o
 .bss.Idle_Stack
                0x00000000200000a0      0x200 Middlewares/Third_Party/FreeRTOS/Source/CMSIS_RTOS_V2/cmsis_os2.o
 .bss.Timer_TCB
                0x00000000200002a0       0x5c Middlewares/Third_Party/FreeRTOS/Source/CMSIS_RTOS_V2/cmsis_os2.o
 .bss.Timer_Stack
                0x00000000200002fc      0x400 Middlewares/Third_Party/FreeRTOS/Source/CMSIS_RTOS_V2/cmsis_os2.o
 .bss.pxCurrentTCB
                0x00000000200006fc        0x4 Middlewares/Third_Party/FreeRTOS/Source/tasks.o
                0x00000000200006fc                pxCurrentTCB
 .bss.pxReadyTasksLists
                0x0000000020000700      0x460 Middlewares/Third_Party/FreeRTOS/Source/tasks.o
 .bss.xDelayedTaskList1
                0x0000000020000b60       0x14 Middlewares/Third_Party/FreeRTOS/Source/tasks.o
 .bss.xDelayedTaskList2
                0x0000000020000b74       0x14 Middlewares/Third_Party/FreeRTOS/Source/tasks.o
 .bss.pxDelayedTaskList
                0x0000000020000b88        0x4 Middlewares/Third_Party/FreeRTOS/Source/tasks.o
 .bss.pxOverflowDelayedTaskList
                0x0000000020000b8c        0x4 Middlewares/Third_Party/FreeRTOS/Source/tasks.o
 .bss.xPendingReadyList
                0x0000000020000b90       0x14 Middlewares/Third_Party/FreeRTOS/Source/tasks.o
 .bss.xTasksWaitingTermination
                0x0000000020000ba4       0x14 Middlewares/Third_Party/FreeRTOS/Source/tasks.o
 .bss.uxDeletedTasksWaitingCleanUp
                0x0000000020000bb8        0x4 Middlewares/Third_Party/FreeRTOS/Source/tasks.o
 .bss.xSuspendedTaskList
                0x0000000020000bbc       0x14 Middlewares/Third_Party/FreeRTOS/Source/tasks.o
 .bss.uxCurrentNumberOfTasks
                0x0000000020000bd0        0x4 Middlewares/Third_Party/FreeRTOS/Source/tasks.o
 .bss.xTickCount
                0x0000000020000bd4        0x4 Middlewares/Third_Party/FreeRTOS/Source/tasks.o
 .bss.uxTopReadyPriority
                0x0000000020000bd8        0x4 Middlewares/Third_Party/FreeRTOS/Source/tasks.o
 .bss.xSchedulerRunning
                0x0000000020000bdc        0x4 Middlewares/Third_Party/FreeRTOS/Source/tasks.o
 .bss.uxPendedTicks
                0x0000000020000be0        0x4 Middlewares/Third_Party/FreeRTOS/Source/tasks.o
 .bss.xYieldPending
                0x0000000020000be4        0x4 Middlewares/Third_Party/FreeRTOS/Source/tasks.o
 .bss.xNumOfOverflows
                0x0000000020000be8        0x4 Middlewares/Third_Party/FreeRTOS/Source/tasks.o
 .bss.uxTaskNumber
                0x0000000020000bec        0x4 Middlewares/Third_Party/FreeRTOS/Source/tasks.o
 .bss.xNextTaskUnblockTime
                0x0000000020000bf0        0x4 Middlewares/Third_Party/FreeRTOS/Source/tasks.o
 .bss.xIdleTaskHandle
                0x0000000020000bf4        0x4 Middlewares/Third_Party/FreeRTOS/Source/tasks.o
 .bss.uxSchedulerSuspended
                0x0000000020000bf8        0x4 Middlewares/Third_Party/FreeRTOS/Source/tasks.o
 .bss.xActiveTimerList1
                0x0000000020000bfc       0x14 Middlewares/Third_Party/FreeRTOS/Source/timers.o
 .bss.xActiveTimerList2
                0x0000000020000c10       0x14 Middlewares/Third_Party/FreeRTOS/Source/timers.o
 .bss.pxCurrentTimerList
                0x0000000020000c24        0x4 Middlewares/Third_Party/FreeRTOS/Source/timers.o
 .bss.pxOverflowTimerList
                0x0000000020000c28        0x4 Middlewares/Third_Party/FreeRTOS/Source/timers.o
 .bss.xTimerQueue
                0x0000000020000c2c        0x4 Middlewares/Third_Party/FreeRTOS/Source/timers.o
 .bss.xTimerTaskHandle
                0x0000000020000c30        0x4 Middlewares/Third_Party/FreeRTOS/Source/timers.o
 .bss.xLastTime.5524
                0x0000000020000c34        0x4 Middlewares/Third_Party/FreeRTOS/Source/timers.o
 .bss.ucStaticTimerQueueStorage.5575
                0x0000000020000c38       0xa0 Middlewares/Third_Party/FreeRTOS/Source/timers.o
 .bss.xStaticTimerQueue.5574
                0x0000000020000cd8       0x50 Middlewares/Third_Party/FreeRTOS/Source/timers.o
 .bss.ucMaxSysCallPriority
                0x0000000020000d28        0x1 Middlewares/Third_Party/FreeRTOS/Source/portable/GCC/ARM_CM3/port.o
 *fill*         0x0000000020000d29        0x3 
 .bss.ulMaxPRIGROUPValue
                0x0000000020000d2c        0x4 Middlewares/Third_Party/FreeRTOS/Source/portable/GCC/ARM_CM3/port.o
 .bss.ucHeap    0x0000000020000d30     0x2800 Middlewares/Third_Party/FreeRTOS/Source/portable/MemMang/heap_4.o
 .bss.xStart    0x0000000020003530        0x8 Middlewares/Third_Party/FreeRTOS/Source/portable/MemMang/heap_4.o
 .bss.pxEnd     0x0000000020003538        0x4 Middlewares/Third_Party/FreeRTOS/Source/portable/MemMang/heap_4.o
 .bss.xFreeBytesRemaining
                0x000000002000353c        0x4 Middlewares/Third_Party/FreeRTOS/Source/portable/MemMang/heap_4.o
 .bss.xMinimumEverFreeBytesRemaining
                0x0000000020003540        0x4 Middlewares/Third_Party/FreeRTOS/Source/portable/MemMang/heap_4.o
 .bss.xBlockAllocatedBit
                0x0000000020003544        0x4 Middlewares/Third_Party/FreeRTOS/Source/portable/MemMang/heap_4.o
 .bss.getTmpCH1
                0x0000000020003548        0x1 motorDriverInterface/motorDriverInterface.o
                0x0000000020003548                getTmpCH1
 *fill*         0x0000000020003549        0x3 
 .bss.tmpArr1   0x000000002000354c        0xa motorDriverInterface/motorDriverInterface.o
 .bss.getTmpCH2
                0x0000000020003556        0x1 motorDriverInterface/motorDriverInterface.o
                0x0000000020003556                getTmpCH2
 *fill*         0x0000000020003557        0x1 
 .bss.tmpArr2   0x0000000020003558       0x10 motorDriverInterface/motorDriverInterface.o
 .bss.getTmpBeff.6684
                0x0000000020003568        0x1 motorDriverInterface/motorDriverInterface.o
 .bss.counter.6683
                0x0000000020003569        0x1 motorDriverInterface/motorDriverInterface.o
 .bss.getTmpBeff.6789
                0x000000002000356a        0x1 motorDriverInterface/motorDriverInterface.o
 .bss.counter.6788
                0x000000002000356b        0x1 motorDriverInterface/motorDriverInterface.o
 .bss.uart1SemphrHandle
                0x000000002000356c        0x4 taskManagerInterface/taskManagerInterface.o
                0x000000002000356c                uart1SemphrHandle
 .bss.uart2SemphrHandle
                0x0000000020003570        0x4 taskManagerInterface/taskManagerInterface.o
                0x0000000020003570                uart2SemphrHandle
 .bss.uart3SemphrHandle
                0x0000000020003574        0x4 taskManagerInterface/taskManagerInterface.o
                0x0000000020003574                uart3SemphrHandle
 *(COMMON)
 COMMON         0x0000000020003578       0x18 ComputerInterface/ComputerInterface.o
                0x0000000020003578                time1
                0x000000002000357c                getVals
                0x0000000020003588                time2
                0x000000002000358c                deltaTime
 COMMON         0x0000000020003590       0xc4 Core/Src/main.o
                0x0000000020003590                defaultTaskHandle
                0x0000000020003594                huart3
                0x00000000200035d4                huart1
                0x0000000020003614                huart2
 COMMON         0x0000000020003654       0x48 Core/Src/stm32f1xx_hal_timebase_tim.o
                0x0000000020003654                htim1
 COMMON         0x000000002000369c        0x4 Drivers/STM32F1xx_HAL_Driver/Src/stm32f1xx_hal.o
                0x000000002000369c                uwTick
 COMMON         0x00000000200036a0       0x14 InputOutputInterface/InputOutputInterface.o
                0x00000000200036a0                testBtye
                0x00000000200036a4                inputOutputs
 COMMON         0x00000000200036b4       0x40 Middlewares/Third_Party/FreeRTOS/Source/queue.o
                0x00000000200036b4                xQueueRegistry
 COMMON         0x00000000200036f4       0x49 motorDriverInterface/motorDriverInterface.o
                0x00000000200036f4                driver2
                0x00000000200036fc                driver1
                0x0000000020003704                rec2Buff
                0x0000000020003718                getFirstData1
                0x000000002000371c                travelMotor
                0x0000000020003728                rec1Buff
                0x000000002000373c                getFirstData2
 *fill*         0x000000002000373d        0x3 
 COMMON         0x0000000020003740       0x22 taskManagerInterface/taskManagerInterface.o
                0x0000000020003740                travelDriver
                0x000000002000374c                llsendComputerVals
                0x000000002000375c                driveDriver
                0x0000000020003764                . = ALIGN (0x4)
 *fill*         0x0000000020003762        0x2 
                0x0000000020003764                _ebss = .
                0x0000000020003764                __bss_end__ = _ebss

._user_heap_stack
                0x0000000020003764      0x604 load address 0x0000000008006df8
                0x0000000020003768                . = ALIGN (0x8)
 *fill*         0x0000000020003764        0x4 
                [!provide]                        PROVIDE (end = .)
                0x0000000020003768                PROVIDE (_end = .)
                0x0000000020003968                . = (. + _Min_Heap_Size)
 *fill*         0x0000000020003768      0x200 
                0x0000000020003d68                . = (. + _Min_Stack_Size)
 *fill*         0x0000000020003968      0x400 
                0x0000000020003d68                . = ALIGN (0x8)

/DISCARD/
 libc.a(*)
 libm.a(*)
 libgcc.a(*)

.ARM.attributes
                0x0000000000000000       0x29
 *(.ARM.attributes)
 .ARM.attributes
                0x0000000000000000       0x1d c:/st/stm32cubeide_1.6.0/stm32cubeide/plugins/com.st.stm32cube.ide.mcu.externaltools.gnu-tools-for-stm32.9-2020-q2-update.win32_1.5.0.202011040924/tools/bin/../lib/gcc/arm-none-eabi/9.3.1/thumb/v7-m/nofp/crti.o
 .ARM.attributes
                0x000000000000001d       0x2d c:/st/stm32cubeide_1.6.0/stm32cubeide/plugins/com.st.stm32cube.ide.mcu.externaltools.gnu-tools-for-stm32.9-2020-q2-update.win32_1.5.0.202011040924/tools/bin/../lib/gcc/arm-none-eabi/9.3.1/thumb/v7-m/nofp/crtbegin.o
 .ARM.attributes
                0x000000000000004a       0x2d ComputerInterface/ComputerInterface.o
 .ARM.attributes
                0x0000000000000077       0x2d Core/Src/main.o
 .ARM.attributes
                0x00000000000000a4       0x2d Core/Src/stm32f1xx_hal_msp.o
 .ARM.attributes
                0x00000000000000d1       0x2d Core/Src/stm32f1xx_hal_timebase_tim.o
 .ARM.attributes
                0x00000000000000fe       0x2d Core/Src/stm32f1xx_it.o
 .ARM.attributes
                0x000000000000012b       0x2d Core/Src/system_stm32f1xx.o
 .ARM.attributes
                0x0000000000000158       0x21 Core/Startup/startup_stm32f103c8tx.o
 .ARM.attributes
                0x0000000000000179       0x2d Drivers/STM32F1xx_HAL_Driver/Src/stm32f1xx_hal.o
 .ARM.attributes
                0x00000000000001a6       0x2d Drivers/STM32F1xx_HAL_Driver/Src/stm32f1xx_hal_cortex.o
 .ARM.attributes
                0x00000000000001d3       0x2d Drivers/STM32F1xx_HAL_Driver/Src/stm32f1xx_hal_dma.o
 .ARM.attributes
                0x0000000000000200       0x2d Drivers/STM32F1xx_HAL_Driver/Src/stm32f1xx_hal_gpio.o
 .ARM.attributes
                0x000000000000022d       0x2d Drivers/STM32F1xx_HAL_Driver/Src/stm32f1xx_hal_rcc.o
 .ARM.attributes
                0x000000000000025a       0x2d Drivers/STM32F1xx_HAL_Driver/Src/stm32f1xx_hal_tim.o
 .ARM.attributes
                0x0000000000000287       0x2d Drivers/STM32F1xx_HAL_Driver/Src/stm32f1xx_hal_tim_ex.o
 .ARM.attributes
                0x00000000000002b4       0x2d Drivers/STM32F1xx_HAL_Driver/Src/stm32f1xx_hal_uart.o
 .ARM.attributes
                0x00000000000002e1       0x2d InputOutputInterface/InputOutputInterface.o
 .ARM.attributes
                0x000000000000030e       0x2d Middlewares/Third_Party/FreeRTOS/Source/CMSIS_RTOS_V2/cmsis_os2.o
 .ARM.attributes
                0x000000000000033b       0x2d Middlewares/Third_Party/FreeRTOS/Source/list.o
 .ARM.attributes
                0x0000000000000368       0x2d Middlewares/Third_Party/FreeRTOS/Source/queue.o
 .ARM.attributes
                0x0000000000000395       0x2d Middlewares/Third_Party/FreeRTOS/Source/tasks.o
 .ARM.attributes
                0x00000000000003c2       0x2d Middlewares/Third_Party/FreeRTOS/Source/timers.o
 .ARM.attributes
                0x00000000000003ef       0x2d Middlewares/Third_Party/FreeRTOS/Source/portable/GCC/ARM_CM3/port.o
 .ARM.attributes
                0x000000000000041c       0x2d Middlewares/Third_Party/FreeRTOS/Source/portable/MemMang/heap_4.o
 .ARM.attributes
                0x0000000000000449       0x2d motorDriverInterface/motorDriverInterface.o
 .ARM.attributes
                0x0000000000000476       0x2d taskManagerInterface/taskManagerInterface.o
 .ARM.attributes
                0x00000000000004a3       0x2d c:/st/stm32cubeide_1.6.0/stm32cubeide/plugins/com.st.stm32cube.ide.mcu.externaltools.gnu-tools-for-stm32.9-2020-q2-update.win32_1.5.0.202011040924/tools/bin/../lib/gcc/arm-none-eabi/9.3.1/../../../../arm-none-eabi/lib/thumb/v7-m/nofp\libc_nano.a(lib_a-init.o)
 .ARM.attributes
                0x00000000000004d0       0x2d c:/st/stm32cubeide_1.6.0/stm32cubeide/plugins/com.st.stm32cube.ide.mcu.externaltools.gnu-tools-for-stm32.9-2020-q2-update.win32_1.5.0.202011040924/tools/bin/../lib/gcc/arm-none-eabi/9.3.1/../../../../arm-none-eabi/lib/thumb/v7-m/nofp\libc_nano.a(lib_a-memcpy-stub.o)
 .ARM.attributes
                0x00000000000004fd       0x2d c:/st/stm32cubeide_1.6.0/stm32cubeide/plugins/com.st.stm32cube.ide.mcu.externaltools.gnu-tools-for-stm32.9-2020-q2-update.win32_1.5.0.202011040924/tools/bin/../lib/gcc/arm-none-eabi/9.3.1/../../../../arm-none-eabi/lib/thumb/v7-m/nofp\libc_nano.a(lib_a-memset.o)
 .ARM.attributes
                0x000000000000052a       0x1d c:/st/stm32cubeide_1.6.0/stm32cubeide/plugins/com.st.stm32cube.ide.mcu.externaltools.gnu-tools-for-stm32.9-2020-q2-update.win32_1.5.0.202011040924/tools/bin/../lib/gcc/arm-none-eabi/9.3.1/thumb/v7-m/nofp\libgcc.a(_arm_muldf3.o)
 .ARM.attributes
                0x0000000000000547       0x1d c:/st/stm32cubeide_1.6.0/stm32cubeide/plugins/com.st.stm32cube.ide.mcu.externaltools.gnu-tools-for-stm32.9-2020-q2-update.win32_1.5.0.202011040924/tools/bin/../lib/gcc/arm-none-eabi/9.3.1/thumb/v7-m/nofp\libgcc.a(_arm_addsubdf3.o)
 .ARM.attributes
                0x0000000000000564       0x1d c:/st/stm32cubeide_1.6.0/stm32cubeide/plugins/com.st.stm32cube.ide.mcu.externaltools.gnu-tools-for-stm32.9-2020-q2-update.win32_1.5.0.202011040924/tools/bin/../lib/gcc/arm-none-eabi/9.3.1/thumb/v7-m/nofp\libgcc.a(_arm_fixunsdfsi.o)
 .ARM.attributes
                0x0000000000000581       0x1d c:/st/stm32cubeide_1.6.0/stm32cubeide/plugins/com.st.stm32cube.ide.mcu.externaltools.gnu-tools-for-stm32.9-2020-q2-update.win32_1.5.0.202011040924/tools/bin/../lib/gcc/arm-none-eabi/9.3.1/thumb/v7-m/nofp\libgcc.a(_arm_addsubsf3.o)
 .ARM.attributes
                0x000000000000059e       0x1d c:/st/stm32cubeide_1.6.0/stm32cubeide/plugins/com.st.stm32cube.ide.mcu.externaltools.gnu-tools-for-stm32.9-2020-q2-update.win32_1.5.0.202011040924/tools/bin/../lib/gcc/arm-none-eabi/9.3.1/thumb/v7-m/nofp\libgcc.a(_arm_muldivsf3.o)
 .ARM.attributes
                0x00000000000005bb       0x1d c:/st/stm32cubeide_1.6.0/stm32cubeide/plugins/com.st.stm32cube.ide.mcu.externaltools.gnu-tools-for-stm32.9-2020-q2-update.win32_1.5.0.202011040924/tools/bin/../lib/gcc/arm-none-eabi/9.3.1/thumb/v7-m/nofp\libgcc.a(_arm_fixsfsi.o)
 .ARM.attributes
                0x00000000000005d8       0x1d c:/st/stm32cubeide_1.6.0/stm32cubeide/plugins/com.st.stm32cube.ide.mcu.externaltools.gnu-tools-for-stm32.9-2020-q2-update.win32_1.5.0.202011040924/tools/bin/../lib/gcc/arm-none-eabi/9.3.1/thumb/v7-m/nofp/crtn.o
OUTPUT(testF1.elf elf32-littlearm)
LOAD linker stubs
LOAD c:/st/stm32cubeide_1.6.0/stm32cubeide/plugins/com.st.stm32cube.ide.mcu.externaltools.gnu-tools-for-stm32.9-2020-q2-update.win32_1.5.0.202011040924/tools/bin/../lib/gcc/arm-none-eabi/9.3.1/../../../../arm-none-eabi/lib/thumb/v7-m/nofp\libc.a
LOAD c:/st/stm32cubeide_1.6.0/stm32cubeide/plugins/com.st.stm32cube.ide.mcu.externaltools.gnu-tools-for-stm32.9-2020-q2-update.win32_1.5.0.202011040924/tools/bin/../lib/gcc/arm-none-eabi/9.3.1/../../../../arm-none-eabi/lib/thumb/v7-m/nofp\libm.a
LOAD c:/st/stm32cubeide_1.6.0/stm32cubeide/plugins/com.st.stm32cube.ide.mcu.externaltools.gnu-tools-for-stm32.9-2020-q2-update.win32_1.5.0.202011040924/tools/bin/../lib/gcc/arm-none-eabi/9.3.1/thumb/v7-m/nofp\libgcc.a

.debug_info     0x0000000000000000    0x19c9b
 .debug_info    0x0000000000000000      0x87c ComputerInterface/ComputerInterface.o
 .debug_info    0x000000000000087c      0xffa Core/Src/main.o
 .debug_info    0x0000000000001876      0xa74 Core/Src/stm32f1xx_hal_msp.o
 .debug_info    0x00000000000022ea      0xa19 Core/Src/stm32f1xx_hal_timebase_tim.o
 .debug_info    0x0000000000002d03      0xa0a Core/Src/stm32f1xx_it.o
 .debug_info    0x000000000000370d      0x2be Core/Src/system_stm32f1xx.o
 .debug_info    0x00000000000039cb       0x22 Core/Startup/startup_stm32f103c8tx.o
 .debug_info    0x00000000000039ed      0x76a Drivers/STM32F1xx_HAL_Driver/Src/stm32f1xx_hal.o
 .debug_info    0x0000000000004157      0xbdc Drivers/STM32F1xx_HAL_Driver/Src/stm32f1xx_hal_cortex.o
 .debug_info    0x0000000000004d33      0x81e Drivers/STM32F1xx_HAL_Driver/Src/stm32f1xx_hal_dma.o
 .debug_info    0x0000000000005551      0x701 Drivers/STM32F1xx_HAL_Driver/Src/stm32f1xx_hal_gpio.o
 .debug_info    0x0000000000005c52      0x88e Drivers/STM32F1xx_HAL_Driver/Src/stm32f1xx_hal_rcc.o
 .debug_info    0x00000000000064e0     0x2a43 Drivers/STM32F1xx_HAL_Driver/Src/stm32f1xx_hal_tim.o
 .debug_info    0x0000000000008f23     0x1495 Drivers/STM32F1xx_HAL_Driver/Src/stm32f1xx_hal_tim_ex.o
 .debug_info    0x000000000000a3b8     0x1322 Drivers/STM32F1xx_HAL_Driver/Src/stm32f1xx_hal_uart.o
 .debug_info    0x000000000000b6da      0x44a InputOutputInterface/InputOutputInterface.o
 .debug_info    0x000000000000bb24     0x3cd3 Middlewares/Third_Party/FreeRTOS/Source/CMSIS_RTOS_V2/cmsis_os2.o
 .debug_info    0x000000000000f7f7      0xb7c Middlewares/Third_Party/FreeRTOS/Source/list.o
 .debug_info    0x0000000000010373     0x22de Middlewares/Third_Party/FreeRTOS/Source/queue.o
 .debug_info    0x0000000000012651     0x29ae Middlewares/Third_Party/FreeRTOS/Source/tasks.o
 .debug_info    0x0000000000014fff     0x1afb Middlewares/Third_Party/FreeRTOS/Source/timers.o
 .debug_info    0x0000000000016afa      0x4a1 Middlewares/Third_Party/FreeRTOS/Source/portable/GCC/ARM_CM3/port.o
 .debug_info    0x0000000000016f9b      0xc77 Middlewares/Third_Party/FreeRTOS/Source/portable/MemMang/heap_4.o
 .debug_info    0x0000000000017c12     0x142f motorDriverInterface/motorDriverInterface.o
 .debug_info    0x0000000000019041      0xc5a taskManagerInterface/taskManagerInterface.o

.debug_abbrev   0x0000000000000000     0x394f
 .debug_abbrev  0x0000000000000000      0x1ea ComputerInterface/ComputerInterface.o
 .debug_abbrev  0x00000000000001ea      0x29b Core/Src/main.o
 .debug_abbrev  0x0000000000000485      0x1b5 Core/Src/stm32f1xx_hal_msp.o
 .debug_abbrev  0x000000000000063a      0x1bf Core/Src/stm32f1xx_hal_timebase_tim.o
 .debug_abbrev  0x00000000000007f9      0x176 Core/Src/stm32f1xx_it.o
 .debug_abbrev  0x000000000000096f      0x14e Core/Src/system_stm32f1xx.o
 .debug_abbrev  0x0000000000000abd       0x12 Core/Startup/startup_stm32f103c8tx.o
 .debug_abbrev  0x0000000000000acf      0x1ed Drivers/STM32F1xx_HAL_Driver/Src/stm32f1xx_hal.o
 .debug_abbrev  0x0000000000000cbc      0x313 Drivers/STM32F1xx_HAL_Driver/Src/stm32f1xx_hal_cortex.o
 .debug_abbrev  0x0000000000000fcf      0x228 Drivers/STM32F1xx_HAL_Driver/Src/stm32f1xx_hal_dma.o
 .debug_abbrev  0x00000000000011f7      0x1e8 Drivers/STM32F1xx_HAL_Driver/Src/stm32f1xx_hal_gpio.o
 .debug_abbrev  0x00000000000013df      0x273 Drivers/STM32F1xx_HAL_Driver/Src/stm32f1xx_hal_rcc.o
 .debug_abbrev  0x0000000000001652      0x25e Drivers/STM32F1xx_HAL_Driver/Src/stm32f1xx_hal_tim.o
 .debug_abbrev  0x00000000000018b0      0x266 Drivers/STM32F1xx_HAL_Driver/Src/stm32f1xx_hal_tim_ex.o
 .debug_abbrev  0x0000000000001b16      0x270 Drivers/STM32F1xx_HAL_Driver/Src/stm32f1xx_hal_uart.o
 .debug_abbrev  0x0000000000001d86      0x1bd InputOutputInterface/InputOutputInterface.o
 .debug_abbrev  0x0000000000001f43      0x3ed Middlewares/Third_Party/FreeRTOS/Source/CMSIS_RTOS_V2/cmsis_os2.o
 .debug_abbrev  0x0000000000002330      0x1f7 Middlewares/Third_Party/FreeRTOS/Source/list.o
 .debug_abbrev  0x0000000000002527      0x3a2 Middlewares/Third_Party/FreeRTOS/Source/queue.o
 .debug_abbrev  0x00000000000028c9      0x39a Middlewares/Third_Party/FreeRTOS/Source/tasks.o
 .debug_abbrev  0x0000000000002c63      0x317 Middlewares/Third_Party/FreeRTOS/Source/timers.o
 .debug_abbrev  0x0000000000002f7a      0x22f Middlewares/Third_Party/FreeRTOS/Source/portable/GCC/ARM_CM3/port.o
 .debug_abbrev  0x00000000000031a9      0x2d3 Middlewares/Third_Party/FreeRTOS/Source/portable/MemMang/heap_4.o
 .debug_abbrev  0x000000000000347c      0x2c9 motorDriverInterface/motorDriverInterface.o
 .debug_abbrev  0x0000000000003745      0x20a taskManagerInterface/taskManagerInterface.o

.debug_aranges  0x0000000000000000     0x1598
 .debug_aranges
                0x0000000000000000       0x48 ComputerInterface/ComputerInterface.o
 .debug_aranges
                0x0000000000000048       0x60 Core/Src/main.o
 .debug_aranges
                0x00000000000000a8       0x30 Core/Src/stm32f1xx_hal_msp.o
 .debug_aranges
                0x00000000000000d8       0x30 Core/Src/stm32f1xx_hal_timebase_tim.o
 .debug_aranges
                0x0000000000000108       0x68 Core/Src/stm32f1xx_it.o
 .debug_aranges
                0x0000000000000170       0x28 Core/Src/system_stm32f1xx.o
 .debug_aranges
                0x0000000000000198       0x28 Core/Startup/startup_stm32f103c8tx.o
 .debug_aranges
                0x00000000000001c0       0xe0 Drivers/STM32F1xx_HAL_Driver/Src/stm32f1xx_hal.o
 .debug_aranges
                0x00000000000002a0      0x100 Drivers/STM32F1xx_HAL_Driver/Src/stm32f1xx_hal_cortex.o
 .debug_aranges
                0x00000000000003a0       0x80 Drivers/STM32F1xx_HAL_Driver/Src/stm32f1xx_hal_dma.o
 .debug_aranges
                0x0000000000000420       0x58 Drivers/STM32F1xx_HAL_Driver/Src/stm32f1xx_hal_gpio.o
 .debug_aranges
                0x0000000000000478       0x90 Drivers/STM32F1xx_HAL_Driver/Src/stm32f1xx_hal_rcc.o
 .debug_aranges
                0x0000000000000508      0x3d0 Drivers/STM32F1xx_HAL_Driver/Src/stm32f1xx_hal_tim.o
 .debug_aranges
                0x00000000000008d8      0x168 Drivers/STM32F1xx_HAL_Driver/Src/stm32f1xx_hal_tim_ex.o
 .debug_aranges
                0x0000000000000a40      0x1d0 Drivers/STM32F1xx_HAL_Driver/Src/stm32f1xx_hal_uart.o
 .debug_aranges
                0x0000000000000c10       0x50 InputOutputInterface/InputOutputInterface.o
 .debug_aranges
                0x0000000000000c60      0x228 Middlewares/Third_Party/FreeRTOS/Source/CMSIS_RTOS_V2/cmsis_os2.o
 .debug_aranges
                0x0000000000000e88       0x40 Middlewares/Third_Party/FreeRTOS/Source/list.o
 .debug_aranges
                0x0000000000000ec8      0x158 Middlewares/Third_Party/FreeRTOS/Source/queue.o
 .debug_aranges
                0x0000000000001020      0x1f8 Middlewares/Third_Party/FreeRTOS/Source/tasks.o
 .debug_aranges
                0x0000000000001218       0xe0 Middlewares/Third_Party/FreeRTOS/Source/timers.o
 .debug_aranges
                0x00000000000012f8       0x78 Middlewares/Third_Party/FreeRTOS/Source/portable/GCC/ARM_CM3/port.o
 .debug_aranges
                0x0000000000001370       0x50 Middlewares/Third_Party/FreeRTOS/Source/portable/MemMang/heap_4.o
 .debug_aranges
                0x00000000000013c0      0x130 motorDriverInterface/motorDriverInterface.o
 .debug_aranges
                0x00000000000014f0       0xa8 taskManagerInterface/taskManagerInterface.o

.debug_ranges   0x0000000000000000     0x1410
 .debug_ranges  0x0000000000000000       0x38 ComputerInterface/ComputerInterface.o
 .debug_ranges  0x0000000000000038       0x50 Core/Src/main.o
 .debug_ranges  0x0000000000000088       0x20 Core/Src/stm32f1xx_hal_msp.o
 .debug_ranges  0x00000000000000a8       0x20 Core/Src/stm32f1xx_hal_timebase_tim.o
 .debug_ranges  0x00000000000000c8       0x58 Core/Src/stm32f1xx_it.o
 .debug_ranges  0x0000000000000120       0x18 Core/Src/system_stm32f1xx.o
 .debug_ranges  0x0000000000000138       0x20 Core/Startup/startup_stm32f103c8tx.o
 .debug_ranges  0x0000000000000158       0xd0 Drivers/STM32F1xx_HAL_Driver/Src/stm32f1xx_hal.o
 .debug_ranges  0x0000000000000228       0xf0 Drivers/STM32F1xx_HAL_Driver/Src/stm32f1xx_hal_cortex.o
 .debug_ranges  0x0000000000000318       0x70 Drivers/STM32F1xx_HAL_Driver/Src/stm32f1xx_hal_dma.o
 .debug_ranges  0x0000000000000388       0x48 Drivers/STM32F1xx_HAL_Driver/Src/stm32f1xx_hal_gpio.o
 .debug_ranges  0x00000000000003d0       0x80 Drivers/STM32F1xx_HAL_Driver/Src/stm32f1xx_hal_rcc.o
 .debug_ranges  0x0000000000000450      0x3c0 Drivers/STM32F1xx_HAL_Driver/Src/stm32f1xx_hal_tim.o
 .debug_ranges  0x0000000000000810      0x158 Drivers/STM32F1xx_HAL_Driver/Src/stm32f1xx_hal_tim_ex.o
 .debug_ranges  0x0000000000000968      0x1c0 Drivers/STM32F1xx_HAL_Driver/Src/stm32f1xx_hal_uart.o
 .debug_ranges  0x0000000000000b28       0x40 InputOutputInterface/InputOutputInterface.o
 .debug_ranges  0x0000000000000b68      0x218 Middlewares/Third_Party/FreeRTOS/Source/CMSIS_RTOS_V2/cmsis_os2.o
 .debug_ranges  0x0000000000000d80       0x30 Middlewares/Third_Party/FreeRTOS/Source/list.o
 .debug_ranges  0x0000000000000db0      0x148 Middlewares/Third_Party/FreeRTOS/Source/queue.o
 .debug_ranges  0x0000000000000ef8      0x1e8 Middlewares/Third_Party/FreeRTOS/Source/tasks.o
 .debug_ranges  0x00000000000010e0       0xd0 Middlewares/Third_Party/FreeRTOS/Source/timers.o
 .debug_ranges  0x00000000000011b0       0x68 Middlewares/Third_Party/FreeRTOS/Source/portable/GCC/ARM_CM3/port.o
 .debug_ranges  0x0000000000001218       0x40 Middlewares/Third_Party/FreeRTOS/Source/portable/MemMang/heap_4.o
 .debug_ranges  0x0000000000001258      0x120 motorDriverInterface/motorDriverInterface.o
 .debug_ranges  0x0000000000001378       0x98 taskManagerInterface/taskManagerInterface.o

.debug_macro    0x0000000000000000    0x193f5
 .debug_macro   0x0000000000000000      0x241 ComputerInterface/ComputerInterface.o
 .debug_macro   0x0000000000000241      0xa9c ComputerInterface/ComputerInterface.o
 .debug_macro   0x0000000000000cdd       0x10 ComputerInterface/ComputerInterface.o
 .debug_macro   0x0000000000000ced      0x21b ComputerInterface/ComputerInterface.o
 .debug_macro   0x0000000000000f08       0x2e ComputerInterface/ComputerInterface.o
 .debug_macro   0x0000000000000f36       0x22 ComputerInterface/ComputerInterface.o
 .debug_macro   0x0000000000000f58       0x22 ComputerInterface/ComputerInterface.o
 .debug_macro   0x0000000000000f7a       0x8e ComputerInterface/ComputerInterface.o
 .debug_macro   0x0000000000001008       0x51 ComputerInterface/ComputerInterface.o
 .debug_macro   0x0000000000001059      0x103 ComputerInterface/ComputerInterface.o
 .debug_macro   0x000000000000115c       0x6a ComputerInterface/ComputerInterface.o
 .debug_macro   0x00000000000011c6      0x1df ComputerInterface/ComputerInterface.o
 .debug_macro   0x00000000000013a5       0x1c ComputerInterface/ComputerInterface.o
 .debug_macro   0x00000000000013c1       0x22 ComputerInterface/ComputerInterface.o
 .debug_macro   0x00000000000013e3       0xc3 ComputerInterface/ComputerInterface.o
 .debug_macro   0x00000000000014a6      0xd23 ComputerInterface/ComputerInterface.o
 .debug_macro   0x00000000000021c9     0xe097 ComputerInterface/ComputerInterface.o
 .debug_macro   0x0000000000010260       0x43 ComputerInterface/ComputerInterface.o
 .debug_macro   0x00000000000102a3     0x3468 ComputerInterface/ComputerInterface.o
 .debug_macro   0x000000000001370b      0x174 ComputerInterface/ComputerInterface.o
 .debug_macro   0x000000000001387f       0x5c ComputerInterface/ComputerInterface.o
 .debug_macro   0x00000000000138db      0x5be ComputerInterface/ComputerInterface.o
 .debug_macro   0x0000000000013e99      0x289 ComputerInterface/ComputerInterface.o
 .debug_macro   0x0000000000014122      0x1cb ComputerInterface/ComputerInterface.o
 .debug_macro   0x00000000000142ed      0x114 ComputerInterface/ComputerInterface.o
 .debug_macro   0x0000000000014401      0x1b2 ComputerInterface/ComputerInterface.o
 .debug_macro   0x00000000000145b3       0x27 ComputerInterface/ComputerInterface.o
 .debug_macro   0x00000000000145da      0x136 ComputerInterface/ComputerInterface.o
 .debug_macro   0x0000000000014710      0x1bc ComputerInterface/ComputerInterface.o
 .debug_macro   0x00000000000148cc       0x34 ComputerInterface/ComputerInterface.o
 .debug_macro   0x0000000000014900       0x3c ComputerInterface/ComputerInterface.o
 .debug_macro   0x000000000001493c       0x57 ComputerInterface/ComputerInterface.o
 .debug_macro   0x0000000000014993       0x88 ComputerInterface/ComputerInterface.o
 .debug_macro   0x0000000000014a1b      0x241 ComputerInterface/ComputerInterface.o
 .debug_macro   0x0000000000014c5c      0x141 ComputerInterface/ComputerInterface.o
 .debug_macro   0x0000000000014d9d      0x8d1 ComputerInterface/ComputerInterface.o
 .debug_macro   0x000000000001566e      0x26b ComputerInterface/ComputerInterface.o
 .debug_macro   0x00000000000158d9       0x83 ComputerInterface/ComputerInterface.o
 .debug_macro   0x000000000001595c       0xd0 ComputerInterface/ComputerInterface.o
 .debug_macro   0x0000000000015a2c      0x122 ComputerInterface/ComputerInterface.o
 .debug_macro   0x0000000000015b4e      0x15a ComputerInterface/ComputerInterface.o
 .debug_macro   0x0000000000015ca8       0xc2 ComputerInterface/ComputerInterface.o
 .debug_macro   0x0000000000015d6a       0x10 ComputerInterface/ComputerInterface.o
 .debug_macro   0x0000000000015d7a       0x1f ComputerInterface/ComputerInterface.o
 .debug_macro   0x0000000000015d99      0x47f ComputerInterface/ComputerInterface.o
 .debug_macro   0x0000000000016218       0xb5 ComputerInterface/ComputerInterface.o
 .debug_macro   0x00000000000162cd       0x8c ComputerInterface/ComputerInterface.o
 .debug_macro   0x0000000000016359       0x22 ComputerInterface/ComputerInterface.o
 .debug_macro   0x000000000001637b       0x94 ComputerInterface/ComputerInterface.o
 .debug_macro   0x000000000001640f      0x23c Core/Src/main.o
 .debug_macro   0x000000000001664b       0x5b Core/Src/main.o
 .debug_macro   0x00000000000166a6       0x74 Core/Src/main.o
 .debug_macro   0x000000000001671a       0xdd Core/Src/main.o
 .debug_macro   0x00000000000167f7      0x1b2 Core/Src/stm32f1xx_hal_msp.o
 .debug_macro   0x00000000000169a9      0x1a3 Core/Src/stm32f1xx_hal_timebase_tim.o
 .debug_macro   0x0000000000016b4c      0x1bc Core/Src/stm32f1xx_it.o
 .debug_macro   0x0000000000016d08      0x1a3 Core/Src/system_stm32f1xx.o
 .debug_macro   0x0000000000016eab      0x1c7 Drivers/STM32F1xx_HAL_Driver/Src/stm32f1xx_hal.o
 .debug_macro   0x0000000000017072      0x1a3 Drivers/STM32F1xx_HAL_Driver/Src/stm32f1xx_hal_cortex.o
 .debug_macro   0x0000000000017215      0x1a3 Drivers/STM32F1xx_HAL_Driver/Src/stm32f1xx_hal_dma.o
 .debug_macro   0x00000000000173b8      0x20e Drivers/STM32F1xx_HAL_Driver/Src/stm32f1xx_hal_gpio.o
 .debug_macro   0x00000000000175c6      0x1b5 Drivers/STM32F1xx_HAL_Driver/Src/stm32f1xx_hal_rcc.o
 .debug_macro   0x000000000001777b      0x1a4 Drivers/STM32F1xx_HAL_Driver/Src/stm32f1xx_hal_tim.o
 .debug_macro   0x000000000001791f      0x1a3 Drivers/STM32F1xx_HAL_Driver/Src/stm32f1xx_hal_tim_ex.o
 .debug_macro   0x0000000000017ac2      0x1a4 Drivers/STM32F1xx_HAL_Driver/Src/stm32f1xx_hal_uart.o
 .debug_macro   0x0000000000017c66      0x1ca InputOutputInterface/InputOutputInterface.o
 .debug_macro   0x0000000000017e30      0x247 Middlewares/Third_Party/FreeRTOS/Source/CMSIS_RTOS_V2/cmsis_os2.o
 .debug_macro   0x0000000000018077       0x10 Middlewares/Third_Party/FreeRTOS/Source/CMSIS_RTOS_V2/cmsis_os2.o
 .debug_macro   0x0000000000018087       0x20 Middlewares/Third_Party/FreeRTOS/Source/CMSIS_RTOS_V2/cmsis_os2.o
 .debug_macro   0x00000000000180a7       0x10 Middlewares/Third_Party/FreeRTOS/Source/CMSIS_RTOS_V2/cmsis_os2.o
 .debug_macro   0x00000000000180b7       0xb7 Middlewares/Third_Party/FreeRTOS/Source/CMSIS_RTOS_V2/cmsis_os2.o
 .debug_macro   0x000000000001816e       0x91 Middlewares/Third_Party/FreeRTOS/Source/CMSIS_RTOS_V2/cmsis_os2.o
 .debug_macro   0x00000000000181ff       0x8d Middlewares/Third_Party/FreeRTOS/Source/CMSIS_RTOS_V2/cmsis_os2.o
 .debug_macro   0x000000000001828c       0x9a Middlewares/Third_Party/FreeRTOS/Source/CMSIS_RTOS_V2/cmsis_os2.o
 .debug_macro   0x0000000000018326      0x187 Middlewares/Third_Party/FreeRTOS/Source/list.o
 .debug_macro   0x00000000000184ad      0x212 Middlewares/Third_Party/FreeRTOS/Source/queue.o
 .debug_macro   0x00000000000186bf       0x16 Middlewares/Third_Party/FreeRTOS/Source/queue.o
 .debug_macro   0x00000000000186d5      0x287 Middlewares/Third_Party/FreeRTOS/Source/tasks.o
 .debug_macro   0x000000000001895c       0x10 Middlewares/Third_Party/FreeRTOS/Source/tasks.o
 .debug_macro   0x000000000001896c      0x1ca Middlewares/Third_Party/FreeRTOS/Source/timers.o
 .debug_macro   0x0000000000018b36      0x172 Middlewares/Third_Party/FreeRTOS/Source/portable/GCC/ARM_CM3/port.o
 .debug_macro   0x0000000000018ca8      0x1ae Middlewares/Third_Party/FreeRTOS/Source/portable/MemMang/heap_4.o
 .debug_macro   0x0000000000018e56      0x229 motorDriverInterface/motorDriverInterface.o
 .debug_macro   0x000000000001907f       0x2e motorDriverInterface/motorDriverInterface.o
 .debug_macro   0x00000000000190ad      0x264 taskManagerInterface/taskManagerInterface.o
 .debug_macro   0x0000000000019311       0x34 taskManagerInterface/taskManagerInterface.o
 .debug_macro   0x0000000000019345       0x16 taskManagerInterface/taskManagerInterface.o
 .debug_macro   0x000000000001935b       0x9a taskManagerInterface/taskManagerInterface.o

.debug_line     0x0000000000000000    0x171c9
 .debug_line    0x0000000000000000      0x9f0 ComputerInterface/ComputerInterface.o
 .debug_line    0x00000000000009f0      0x9f5 Core/Src/main.o
 .debug_line    0x00000000000013e5      0x74c Core/Src/stm32f1xx_hal_msp.o
 .debug_line    0x0000000000001b31      0x6d9 Core/Src/stm32f1xx_hal_timebase_tim.o
 .debug_line    0x000000000000220a      0x761 Core/Src/stm32f1xx_it.o
 .debug_line    0x000000000000296b      0x6fb Core/Src/system_stm32f1xx.o
 .debug_line    0x0000000000003066       0x84 Core/Startup/startup_stm32f103c8tx.o
 .debug_line    0x00000000000030ea      0x928 Drivers/STM32F1xx_HAL_Driver/Src/stm32f1xx_hal.o
 .debug_line    0x0000000000003a12      0xb10 Drivers/STM32F1xx_HAL_Driver/Src/stm32f1xx_hal_cortex.o
 .debug_line    0x0000000000004522      0xd80 Drivers/STM32F1xx_HAL_Driver/Src/stm32f1xx_hal_dma.o
 .debug_line    0x00000000000052a2      0x9bf Drivers/STM32F1xx_HAL_Driver/Src/stm32f1xx_hal_gpio.o
 .debug_line    0x0000000000005c61      0xd36 Drivers/STM32F1xx_HAL_Driver/Src/stm32f1xx_hal_rcc.o
 .debug_line    0x0000000000006997     0x32d0 Drivers/STM32F1xx_HAL_Driver/Src/stm32f1xx_hal_tim.o
 .debug_line    0x0000000000009c67     0x19ce Drivers/STM32F1xx_HAL_Driver/Src/stm32f1xx_hal_tim_ex.o
 .debug_line    0x000000000000b635     0x1732 Drivers/STM32F1xx_HAL_Driver/Src/stm32f1xx_hal_uart.o
 .debug_line    0x000000000000cd67      0x8cb InputOutputInterface/InputOutputInterface.o
 .debug_line    0x000000000000d632     0x2458 Middlewares/Third_Party/FreeRTOS/Source/CMSIS_RTOS_V2/cmsis_os2.o
 .debug_line    0x000000000000fa8a      0x70a Middlewares/Third_Party/FreeRTOS/Source/list.o
 .debug_line    0x0000000000010194     0x16cd Middlewares/Third_Party/FreeRTOS/Source/queue.o
 .debug_line    0x0000000000011861     0x1d25 Middlewares/Third_Party/FreeRTOS/Source/tasks.o
 .debug_line    0x0000000000013586      0xc9a Middlewares/Third_Party/FreeRTOS/Source/timers.o
 .debug_line    0x0000000000014220      0x755 Middlewares/Third_Party/FreeRTOS/Source/portable/GCC/ARM_CM3/port.o
 .debug_line    0x0000000000014975      0x8cc Middlewares/Third_Party/FreeRTOS/Source/portable/MemMang/heap_4.o
 .debug_line    0x0000000000015241     0x134f motorDriverInterface/motorDriverInterface.o
 .debug_line    0x0000000000016590      0xc39 taskManagerInterface/taskManagerInterface.o

.debug_str      0x0000000000000000    0x9424f
 .debug_str     0x0000000000000000    0x87399 ComputerInterface/ComputerInterface.o
                                      0x87754 (size before relaxing)
 .debug_str     0x0000000000087399     0x14ab Core/Src/main.o
                                      0x87715 (size before relaxing)
 .debug_str     0x0000000000088844      0x2e8 Core/Src/stm32f1xx_hal_msp.o
                                      0x83995 (size before relaxing)
 .debug_str     0x0000000000088b2c       0xaa Core/Src/stm32f1xx_hal_timebase_tim.o
                                      0x837d4 (size before relaxing)
 .debug_str     0x0000000000088bd6       0xc8 Core/Src/stm32f1xx_it.o
                                      0x83986 (size before relaxing)
 .debug_str     0x0000000000088c9e       0x52 Core/Src/system_stm32f1xx.o
                                      0x82f76 (size before relaxing)
 .debug_str     0x0000000000088cf0       0x36 Core/Startup/startup_stm32f103c8tx.o
                                         0x6f (size before relaxing)
 .debug_str     0x0000000000088d26      0x2b9 Drivers/STM32F1xx_HAL_Driver/Src/stm32f1xx_hal.o
                                      0x83607 (size before relaxing)
 .debug_str     0x0000000000088fdf      0x2f7 Drivers/STM32F1xx_HAL_Driver/Src/stm32f1xx_hal_cortex.o
                                      0x8360f (size before relaxing)
 .debug_str     0x00000000000892d6      0x235 Drivers/STM32F1xx_HAL_Driver/Src/stm32f1xx_hal_dma.o
                                      0x83351 (size before relaxing)
 .debug_str     0x000000000008950b      0x31f Drivers/STM32F1xx_HAL_Driver/Src/stm32f1xx_hal_gpio.o
                                      0x8333a (size before relaxing)