taskManagerInterface.c:48:6:setStartConnection	16	static
taskManagerInterface.c:50:9:getStartConnection	4	static
taskManagerInterface.c:56:6:HAL_UART_RxCpltCallback	16	static
taskManagerInterface.c:62:6:tasks_init	16	static
taskManagerInterface.c:104:6:readSwitchsTask	16	static
taskManagerInterface.c:109:6:writeRelaysTask	16	static
taskManagerInterface.c:114:6:ledTestTask	16	static
taskManagerInterface.c:124:6:computerGetTask	16	static
taskManagerInterface.c:131:6:computerValTask	112	static
taskManagerInterface.c:153:6:computerSendTask	32	static
taskManagerInterface.c:161:6:sendDataUart1Task	56	static
taskManagerInterface.c:170:6:sendDataUart2Task	56	static
taskManagerInterface.c:178:6:getDataUart1Task	16	static
taskManagerInterface.c:186:6:getDataUart2Task	16	static
taskManagerInterface.c:194:6:driverInit	4	static
taskManagerInterface.c:219:10:valuesMap	16	static
taskManagerInterface.c:223:9:valuesMapInt	16	static
taskManagerInterface.c:226:10:valuesMapWFloat	32	static
taskManagerInterface.c:229:9:valuesMapFloat	32	static
taskManagerInterface.c:232:7:valuesMapforFloat	32	static
