stm32f1xx_it.c:76:6:NMI_Handler	4	static
stm32f1xx_it.c:91:6:HardFault_Handler	4	static
stm32f1xx_it.c:106:6:MemManage_Handler	4	static
stm32f1xx_it.c:121:6:BusFault_Handler	4	static
stm32f1xx_it.c:136:6:UsageFault_Handler	4	static
stm32f1xx_it.c:151:6:DebugMon_Handler	4	static
stm32f1xx_it.c:171:6:DMA1_Channel4_IRQHandler	8	static
stm32f1xx_it.c:185:6:USB_LP_CAN1_RX0_IRQHandler	8	static
stm32f1xx_it.c:199:6:TIM1_UP_IRQHandler	8	static
stm32f1xx_it.c:213:6:USART1_IRQHandler	8	static
stm32f1xx_it.c:227:6:USART2_IRQHandler	8	static
stm32f1xx_it.c:241:6:USART3_IRQHandler	8	static
